Component: ARM Compiler 5.06 update 4 (build 422) Tool: armlink [4d35d2]

==============================================================================

Section Cross References

    usbh_msc_bot.o(i.USBH_MSC_BOT_Abort) refers to usbh_ctlreq.o(i.USBH_ClrFeature) for USBH_ClrFeature
    usbh_msc_bot.o(i.USBH_MSC_BOT_Process) refers to usbh_conf.o(i.USBH_LL_GetURBState) for USBH_LL_GetURBState
    usbh_msc_bot.o(i.USBH_MSC_BOT_Process) refers to usbh_ioreq.o(i.USBH_BulkReceiveData) for USBH_BulkReceiveData
    usbh_msc_bot.o(i.USBH_MSC_BOT_Process) refers to usbh_ioreq.o(i.USBH_BulkSendData) for USBH_BulkSendData
    usbh_msc_bot.o(i.USBH_MSC_BOT_Process) refers to usbh_conf.o(i.USBH_LL_GetLastXferSize) for USBH_LL_GetLastXferSize
    usbh_msc_bot.o(i.USBH_MSC_BOT_Process) refers to usbh_msc_bot.o(i.USBH_MSC_BOT_Abort) for USBH_MSC_BOT_Abort
    usbh_msc_bot.o(i.USBH_MSC_BOT_Process) refers to usbh_conf.o(i.USBH_LL_GetToggle) for USBH_LL_GetToggle
    usbh_msc_bot.o(i.USBH_MSC_BOT_Process) refers to usbh_conf.o(i.USBH_LL_SetToggle) for USBH_LL_SetToggle
    usbh_msc_bot.o(i.USBH_MSC_BOT_Process) refers to usbh_msc_bot.o(i.USBH_MSC_BOT_REQ_Reset) for USBH_MSC_BOT_REQ_Reset
    usbh_msc_bot.o(i.USBH_MSC_BOT_REQ_GetMaxLUN) refers to usbh_ctlreq.o(i.USBH_CtlReq) for USBH_CtlReq
    usbh_msc_bot.o(i.USBH_MSC_BOT_REQ_Reset) refers to usbh_ctlreq.o(i.USBH_CtlReq) for USBH_CtlReq
    usbh_msc.o(i.USBH_MSC_ClassRequest) refers to usbh_msc_bot.o(i.USBH_MSC_BOT_REQ_GetMaxLUN) for USBH_MSC_BOT_REQ_GetMaxLUN
    usbh_msc.o(i.USBH_MSC_ClassRequest) refers to printf8.o(i.__0printf$8) for __2printf
    usbh_msc.o(i.USBH_MSC_ClassRequest) refers to usbh_ctlreq.o(i.USBH_ClrFeature) for USBH_ClrFeature
    usbh_msc.o(i.USBH_MSC_GetLUNInfo) refers to memcpya.o(.text) for __aeabi_memcpy4
    usbh_msc.o(i.USBH_MSC_InterfaceDeInit) refers to usbh_pipes.o(i.USBH_ClosePipe) for USBH_ClosePipe
    usbh_msc.o(i.USBH_MSC_InterfaceDeInit) refers to usbh_pipes.o(i.USBH_FreePipe) for USBH_FreePipe
    usbh_msc.o(i.USBH_MSC_InterfaceDeInit) refers to malloc.o(i.free) for free
    usbh_msc.o(i.USBH_MSC_InterfaceInit) refers to usbh_core.o(i.USBH_FindInterface) for USBH_FindInterface
    usbh_msc.o(i.USBH_MSC_InterfaceInit) refers to usbh_core.o(i.USBH_SelectInterface) for USBH_SelectInterface
    usbh_msc.o(i.USBH_MSC_InterfaceInit) refers to malloc.o(i.malloc) for malloc
    usbh_msc.o(i.USBH_MSC_InterfaceInit) refers to usbh_pipes.o(i.USBH_AllocPipe) for USBH_AllocPipe
    usbh_msc.o(i.USBH_MSC_InterfaceInit) refers to usbh_msc_bot.o(i.USBH_MSC_BOT_Init) for USBH_MSC_BOT_Init
    usbh_msc.o(i.USBH_MSC_InterfaceInit) refers to memseta.o(.text) for __aeabi_memclr4
    usbh_msc.o(i.USBH_MSC_InterfaceInit) refers to usbh_pipes.o(i.USBH_OpenPipe) for USBH_OpenPipe
    usbh_msc.o(i.USBH_MSC_InterfaceInit) refers to usbh_conf.o(i.USBH_LL_SetToggle) for USBH_LL_SetToggle
    usbh_msc.o(i.USBH_MSC_Process) refers to printf8.o(i.__0printf$8) for __2printf
    usbh_msc.o(i.USBH_MSC_Process) refers to usbh_msc_scsi.o(i.USBH_MSC_SCSI_Inquiry) for USBH_MSC_SCSI_Inquiry
    usbh_msc.o(i.USBH_MSC_Process) refers to usbh_msc_scsi.o(i.USBH_MSC_SCSI_TestUnitReady) for USBH_MSC_SCSI_TestUnitReady
    usbh_msc.o(i.USBH_MSC_Process) refers to usbh_msc_scsi.o(i.USBH_MSC_SCSI_ReadCapacity) for USBH_MSC_SCSI_ReadCapacity
    usbh_msc.o(i.USBH_MSC_Process) refers to usbh_msc_scsi.o(i.USBH_MSC_SCSI_RequestSense) for USBH_MSC_SCSI_RequestSense
    usbh_msc.o(i.USBH_MSC_RdWrProcess) refers to usbh_msc_scsi.o(i.USBH_MSC_SCSI_Read) for USBH_MSC_SCSI_Read
    usbh_msc.o(i.USBH_MSC_RdWrProcess) refers to usbh_msc_scsi.o(i.USBH_MSC_SCSI_Write) for USBH_MSC_SCSI_Write
    usbh_msc.o(i.USBH_MSC_RdWrProcess) refers to usbh_msc_scsi.o(i.USBH_MSC_SCSI_RequestSense) for USBH_MSC_SCSI_RequestSense
    usbh_msc.o(i.USBH_MSC_RdWrProcess) refers to printf8.o(i.__0printf$8) for __2printf
    usbh_msc.o(i.USBH_MSC_Read) refers to usbh_msc_scsi.o(i.USBH_MSC_SCSI_Read) for USBH_MSC_SCSI_Read
    usbh_msc.o(i.USBH_MSC_Read) refers to usbh_msc.o(i.USBH_MSC_RdWrProcess) for USBH_MSC_RdWrProcess
    usbh_msc.o(i.USBH_MSC_Write) refers to usbh_msc_scsi.o(i.USBH_MSC_SCSI_Write) for USBH_MSC_SCSI_Write
    usbh_msc.o(i.USBH_MSC_Write) refers to usbh_msc.o(i.USBH_MSC_RdWrProcess) for USBH_MSC_RdWrProcess
    usbh_msc.o(.data) refers to usbh_msc.o(.conststring) for .conststring
    usbh_msc.o(.data) refers to usbh_msc.o(i.USBH_MSC_InterfaceInit) for USBH_MSC_InterfaceInit
    usbh_msc.o(.data) refers to usbh_msc.o(i.USBH_MSC_InterfaceDeInit) for USBH_MSC_InterfaceDeInit
    usbh_msc.o(.data) refers to usbh_msc.o(i.USBH_MSC_ClassRequest) for USBH_MSC_ClassRequest
    usbh_msc.o(.data) refers to usbh_msc.o(i.USBH_MSC_Process) for USBH_MSC_Process
    usbh_msc.o(.data) refers to usbh_msc.o(i.USBH_MSC_SOFProcess) for USBH_MSC_SOFProcess
    usbh_msc_scsi.o(i.USBH_MSC_SCSI_Inquiry) refers to usbh_msc_bot.o(i.USBH_MSC_BOT_Process) for USBH_MSC_BOT_Process
[...]
    cs43l22_DeInit                           0x0800ff11   Thumb Code     4  cs43l22.o(i.cs43l22_DeInit)
    cs43l22_Init                             0x0800ff15   Thumb Code   220  cs43l22.o(i.cs43l22_Init)
    cs43l22_Pause                            0x0800fff5   Thumb Code    26  cs43l22.o(i.cs43l22_Pause)
    cs43l22_Play                             0x08010011   Thumb Code    54  cs43l22.o(i.cs43l22_Play)
    cs43l22_ReadID                           0x0801004d   Thumb Code    22  cs43l22.o(i.cs43l22_ReadID)
    cs43l22_Reset                            0x08010063   Thumb Code     4  cs43l22.o(i.cs43l22_Reset)
    cs43l22_Resume                           0x08010069   Thumb Code    56  cs43l22.o(i.cs43l22_Resume)
    cs43l22_SetFrequency                     0x080100a5   Thumb Code     4  cs43l22.o(i.cs43l22_SetFrequency)
    cs43l22_SetMute                          0x080100a9   Thumb Code    78  cs43l22.o(i.cs43l22_SetMute)
    cs43l22_SetOutputMode                    0x080100fd   Thumb Code    76  cs43l22.o(i.cs43l22_SetOutputMode)
    cs43l22_SetVolume                        0x0801014d   Thumb Code    60  cs43l22.o(i.cs43l22_SetVolume)
    cs43l22_Stop                             0x08010189   Thumb Code    44  cs43l22.o(i.cs43l22_Stop)
    data_to_mfcc1                            0x080101b9   Thumb Code    42  waveplayer.o(i.data_to_mfcc1)
    data_to_mfcc2                            0x080101e9   Thumb Code    42  waveplayer.o(i.data_to_mfcc2)
    deltaCoeff                               0x08010255   Thumb Code   198  mfcc.o(i.deltaCoeff)
    disk_initialize                          0x080105c5   Thumb Code     4  usbh_diskio.o(i.disk_initialize)
    disk_ioctl                               0x080105c9   Thumb Code    70  usbh_diskio.o(i.disk_ioctl)
    disk_read                                0x08010615   Thumb Code   136  usbh_diskio.o(i.disk_read)
    disk_status                              0x080106c5   Thumb Code    20  usbh_diskio.o(i.disk_status)
    disk_write                               0x080106dd   Thumb Code   164  usbh_diskio.o(i.disk_write)
    f_close                                  0x080107c9   Thumb Code    42  ff.o(i.f_close)
    f_closedir                               0x080107f3   Thumb Code    36  ff.o(i.f_closedir)
    f_lseek                                  0x08010819   Thumb Code   644  ff.o(i.f_lseek)
    f_mount                                  0x08010a9d   Thumb Code    88  ff.o(i.f_mount)
    f_open                                   0x08010af9   Thumb Code   412  ff.o(i.f_open)
    f_opendir                                0x08010c99   Thumb Code   148  ff.o(i.f_opendir)
    f_read                                   0x08010d2d   Thumb Code   396  ff.o(i.f_read)
    f_readdir                                0x08010eb9   Thumb Code    82  ff.o(i.f_readdir)
    f_sync                                   0x08010f0b   Thumb Code   184  ff.o(i.f_sync)
    f_write                                  0x08010fc3   Thumb Code   470  ff.o(i.f_write)
    fabs                                     0x08011199   Thumb Code    24  fabs.o(i.fabs)
    fputc                                    0x080114c9   Thumb Code   252  lcd_log.o(i.fputc)
    free                                     0x080115cd   Thumb Code    76  malloc.o(i.free)
    freqtoMel                                0x0801161d   Thumb Code    68  mfcc.o(i.freqtoMel)
    ft6x06_Init                              0x08011695   Thumb Code    36  ft6x06.o(i.ft6x06_Init)
    ft6x06_ReadID                            0x080116bd   Thumb Code    20  ft6x06.o(i.ft6x06_ReadID)
    ft6x06_Reset                             0x080116d1   Thumb Code     2  ft6x06.o(i.ft6x06_Reset)
    ft6x06_TS_ClearIT                        0x080116d3   Thumb Code     2  ft6x06.o(i.ft6x06_TS_ClearIT)
    ft6x06_TS_DetectTouch                    0x080116d5   Thumb Code    60  ft6x06.o(i.ft6x06_TS_DetectTouch)
    ft6x06_TS_DisableIT                      0x08011715   Thumb Code    10  ft6x06.o(i.ft6x06_TS_DisableIT)
    ft6x06_TS_EnableIT                       0x0801171f   Thumb Code    10  ft6x06.o(i.ft6x06_TS_EnableIT)
    ft6x06_TS_GetGestureID                   0x08011729   Thumb Code    30  ft6x06.o(i.ft6x06_TS_GetGestureID)
    ft6x06_TS_GetTouchInfo                   0x08011749   Thumb Code    72  ft6x06.o(i.ft6x06_TS_GetTouchInfo)
    ft6x06_TS_GetXY                          0x08011795   Thumb Code    86  ft6x06.o(i.ft6x06_TS_GetXY)
    ft6x06_TS_ITStatus                       0x080117f1   Thumb Code     4  ft6x06.o(i.ft6x06_TS_ITStatus)
    ft6x06_TS_Start                          0x080117f5   Thumb Code     4  ft6x06.o(i.ft6x06_TS_Start)
    get_fat                                  0x080117f9   Thumb Code   194  ff.o(i.get_fat)
    get_fattime                              0x080118bb   Thumb Code     4  usbh_diskio.o(i.get_fattime)
    log                                      0x08011a01   Thumb Code    16  log.o(i.log)
    main                                     0x08011a11   Thumb Code    84  main.o(i.main)
    malloc                                   0x08011a79   Thumb Code    92  malloc.o(i.malloc)
    melbank                                  0x08011ae5   Thumb Code   344  mfcc.o(i.melbank)
    meltoFreq                                0x08011c49   Thumb Code    72  mfcc.o(i.meltoFreq)
    preemphasize                             0x08011d09   Thumb Code    54  mfcc.o(i.preemphasize)
    put_fat                                  0x08011d45   Thumb Code   248  ff.o(i.put_fat)
    read_data                                0x08011e3d   Thumb Code    64  waveplayer.o(i.read_data)
    send                                     0x08011ef9   Thumb Code    28  waveplayer.o(i.send)
    sqrt                                     0x08011f55   Thumb Code   110  sqrt.o(i.sqrt)
    AHBPrescTable                            0x08012114   Data          16  system_stm32f4xx.o(.constdata)
    APBPrescTable                            0x08012124   Data           8  system_stm32f4xx.o(.constdata)
    ShortRegData1                            0x080121ec   Data           2  otm8009a.o(.constdata)
    ShortRegData2                            0x080121ee   Data           2  otm8009a.o(.constdata)
    ShortRegData3                            0x080121f0   Data           2  otm8009a.o(.constdata)
    ShortRegData4                            0x080121f2   Data           2  otm8009a.o(.constdata)
    ShortRegData5                            0x080121f4   Data           2  otm8009a.o(.constdata)
    ShortRegData6                            0x080121f6   Data           2  otm8009a.o(.constdata)
    ShortRegData7                            0x080121f8   Data           2  otm8009a.o(.constdata)
    ShortRegData8                            0x080121fa   Data           2  otm8009a.o(.constdata)
    ShortRegData9                            0x080121fc   Data           2  otm8009a.o(.constdata)
    ShortRegData10                           0x080121fe   Data           2  otm8009a.o(.constdata)
    ShortRegData11                           0x08012200   Data           2  otm8009a.o(.constdata)
    ShortRegData12                           0x08012202   Data           2  otm8009a.o(.constdata)
    ShortRegData13                           0x08012204   Data           2  otm8009a.o(.constdata)
    ShortRegData14                           0x08012206   Data           2  otm8009a.o(.constdata)
    ShortRegData15                           0x08012208   Data           2  otm8009a.o(.constdata)
    ShortRegData16                           0x0801220a   Data           2  otm8009a.o(.constdata)
    ShortRegData17                           0x0801220c   Data           2  otm8009a.o(.constdata)
    ShortRegData18                           0x0801220e   Data           2  otm8009a.o(.constdata)
    ShortRegData19                           0x08012210   Data           2  otm8009a.o(.constdata)
    ShortRegData20                           0x08012212   Data           2  otm8009a.o(.constdata)
    ShortRegData21                           0x08012214   Data           2  otm8009a.o(.constdata)
    ShortRegData22                           0x08012216   Data           2  otm8009a.o(.constdata)
    ShortRegData23                           0x08012218   Data           2  otm8009a.o(.constdata)
    ShortRegData24                           0x0801221a   Data           2  otm8009a.o(.constdata)
    ShortRegData25                           0x0801221c   Data           2  otm8009a.o(.constdata)
    ShortRegData26                           0x0801221e   Data           2  otm8009a.o(.constdata)
    ShortRegData27                           0x08012220   Data           2  otm8009a.o(.constdata)
    ShortRegData28                           0x08012222   Data           2  otm8009a.o(.constdata)
    ShortRegData29                           0x08012224   Data           2  otm8009a.o(.constdata)
    ShortRegData30                           0x08012226   Data           2  otm8009a.o(.constdata)
    ShortRegData31                           0x08012228   Data           2  otm8009a.o(.constdata)
    ShortRegData32                           0x0801222a   Data           2  otm8009a.o(.constdata)
    ShortRegData33                           0x0801222c   Data           2  otm8009a.o(.constdata)
    ShortRegData34                           0x0801222e   Data           2  otm8009a.o(.constdata)
    ShortRegData35                           0x08012230   Data           2  otm8009a.o(.constdata)
    ShortRegData36                           0x08012232   Data           2  otm8009a.o(.constdata)
    ShortRegData37                           0x08012234   Data           2  otm8009a.o(.constdata)
    ShortRegData38                           0x08012236   Data           2  otm8009a.o(.constdata)
    ShortRegData39                           0x08012238   Data           2  otm8009a.o(.constdata)
    ShortRegData40                           0x0801223a   Data           2  otm8009a.o(.constdata)
    ShortRegData41                           0x0801223c   Data           2  otm8009a.o(.constdata)
    ShortRegData42                           0x0801223e   Data           2  otm8009a.o(.constdata)
    ShortRegData43                           0x08012240   Data           2  otm8009a.o(.constdata)
    ShortRegData44                           0x08012242   Data           2  otm8009a.o(.constdata)
    ShortRegData45                           0x08012244   Data           2  otm8009a.o(.constdata)
    ShortRegData46                           0x08012246   Data           2  otm8009a.o(.constdata)
    ShortRegData47                           0x08012248   Data           2  otm8009a.o(.constdata)
    ShortRegData48                           0x0801224a   Data           2  otm8009a.o(.constdata)
    ShortRegData49                           0x0801224c   Data           2  otm8009a.o(.constdata)
    ShortRegData50                           0x0801224e   Data           2  otm8009a.o(.constdata)
    ShortRegData51                           0x08012250   Data           2  otm8009a.o(.constdata)
    lcdRegData2                              0x08012252   Data           3  otm8009a.o(.constdata)
    lcdRegData5                              0x08012255   Data           3  otm8009a.o(.constdata)
    lcdRegData6                              0x08012258   Data           3  otm8009a.o(.constdata)
    lcdRegData1                              0x0801225b   Data           4  otm8009a.o(.constdata)
    lcdRegData25                             0x0801225f   Data           4  otm8009a.o(.constdata)
    lcdRegData27                             0x08012263   Data           5  otm8009a.o(.constdata)
    lcdRegData28                             0x08012268   Data           5  otm8009a.o(.constdata)
    lcdRegData7                              0x0801226d   Data           7  otm8009a.o(.constdata)
    lcdRegData3                              0x08012274   Data          17  otm8009a.o(.constdata)
    lcdRegData4                              0x08012285   Data          17  otm8009a.o(.constdata)
    lcdRegData8                              0x08012296   Data          15  otm8009a.o(.constdata)
    lcdRegData9                              0x080122a5   Data          15  otm8009a.o(.constdata)
    lcdRegData10                             0x080122b4   Data          11  otm8009a.o(.constdata)
    lcdRegData11                             0x080122bf   Data          11  otm8009a.o(.constdata)
    lcdRegData12                             0x080122ca   Data          16  otm8009a.o(.constdata)
    lcdRegData13                             0x080122da   Data          16  otm8009a.o(.constdata)
    lcdRegData14                             0x080122ea   Data          11  otm8009a.o(.constdata)
    lcdRegData15                             0x080122f5   Data          16  otm8009a.o(.constdata)
    lcdRegData16                             0x08012305   Data          16  otm8009a.o(.constdata)
    lcdRegData17                             0x08012315   Data          11  otm8009a.o(.constdata)
    lcdRegData18                             0x08012320   Data          11  otm8009a.o(.constdata)
    lcdRegData19                             0x0801232b   Data          11  otm8009a.o(.constdata)
    lcdRegData20                             0x08012336   Data          16  otm8009a.o(.constdata)
    lcdRegData21                             0x08012346   Data          16  otm8009a.o(.constdata)
    lcdRegData22                             0x08012356   Data          11  otm8009a.o(.constdata)
    lcdRegData23                             0x08012361   Data          16  otm8009a.o(.constdata)
    lcdRegData24                             0x08012371   Data          16  otm8009a.o(.constdata)
    Font24_Table                             0x08012381   Data        6840  stm32469i_discovery_lcd.o(.constdata)
    Font20_Table                             0x08013e39   Data        3800  stm32469i_discovery_lcd.o(.constdata)
    Font16_Table                             0x08014d11   Data        3040  stm32469i_discovery_lcd.o(.constdata)
    Font12_Table                             0x080158f1   Data        1140  stm32469i_discovery_lcd.o(.constdata)
    BUTTON_PIN                               0x08015d66   Data           2  stm32469i_discovery.o(.constdata)
    BUTTON_IRQn                              0x08015d68   Data           2  stm32469i_discovery.o(.constdata)
    __mathlib_zero                           0x08015e60   Data           8  qnan.o(.constdata)
    Region$$Table$$Base                      0x08015f5c   Number         0  anon$$obj.o(Region$$Table)
    Region$$Table$$Limit                     0x08015f7c   Number         0  anon$$obj.o(Region$$Table)
    USBH_msc                                 0x20000000   Data          32  usbh_msc.o(.data)
    SystemCoreClock                          0x20000020   Data           4  system_stm32f4xx.o(.data)
    AppliState                               0x20000040   Data           1  main.o(.data)
    AudioState                               0x20000054   Data           1  menu.o(.data)
    AudioDemo                                0x20000055   Data           2  menu.o(.data)
    NumObs                                   0x20000058   Data           2  explorer.o(.data)
    USBKey_Path                              0x2000005a   Data           4  explorer.o(.data)
    people                                   0x20000060   Data           1  waveplayer.o(.data)
    p_audio_data                             0x20000068   Data           4  waveplayer.o(.data)
    dist1                                    0x2000006c   Data           4  waveplayer.o(.data)
    active                                   0x20000074   Data           4  waveplayer.o(.data)
    meeting                                  0x20000078   Data           8  waveplayer.o(.data)
    working                                  0x20000080   Data           8  waveplayer.o(.data)
    calling                                  0x20000088   Data           8  waveplayer.o(.data)
    data_size                                0x20000090   Data          16  waveplayer.o(.data)
    server_ip_port                           0x200000a0   Data          42  waveplayer.o(.data)
    uwTick                                   0x200000cc   Data           4  stm32f4xx_hal.o(.data)
    ft6x06_ts_drv                            0x200000d8   Data          40  ft6x06.o(.data)
    ft6x06                                   0x20000100   Data           2  ft6x06.o(.data)
    cs43l22_drv                              0x20000108   Data          48  cs43l22.o(.data)
    OutputDev                                0x20000139   Data           1  cs43l22.o(.data)
    LCD_CacheBuffer_yptr_invert              0x2000013c   Data           1  lcd_log.o(.data)
    LCD_ScrollActive                         0x2000013d   Data           1  lcd_log.o(.data)
    LCD_Lock                                 0x2000013e   Data           1  lcd_log.o(.data)
    LCD_Scrolled                             0x2000013f   Data           1  lcd_log.o(.data)
    LCD_CacheBuffer_xptr                     0x20000140   Data           2  lcd_log.o(.data)
    LCD_CacheBuffer_yptr_top                 0x20000142   Data           2  lcd_log.o(.data)
    LCD_CacheBuffer_yptr_bottom              0x20000144   Data           2  lcd_log.o(.data)
    LCD_CacheBuffer_yptr_top_bak             0x20000146   Data           2  lcd_log.o(.data)
    LCD_CacheBuffer_yptr_bottom_bak          0x20000148   Data           2  lcd_log.o(.data)
    LCD_ScrollBackStep                       0x2000014a   Data           2  lcd_log.o(.data)
    LCD_LineColor                            0x2000014c   Data           4  lcd_log.o(.data)
    lcd_x_size                               0x20000150   Data           4  stm32469i_discovery_lcd.o(.data)
    lcd_y_size                               0x20000154   Data           4  stm32469i_discovery_lcd.o(.data)
    Font24                                   0x2000015c   Data           8  stm32469i_discovery_lcd.o(.data)
    Font20                                   0x20000164   Data           8  stm32469i_discovery_lcd.o(.data)
    Font16                                   0x2000016c   Data           8  stm32469i_discovery_lcd.o(.data)
    Font12                                   0x20000174   Data           8  stm32469i_discovery_lcd.o(.data)
    BUTTON_PORT                              0x2000017c   Data           4  stm32469i_discovery.o(.data)
    GPIO_PIN                                 0x20000180   Data          16  stm32469i_discovery.o(.data)
    GPIO_PORT                                0x20000190   Data          16  stm32469i_discovery.o(.data)
    I2C_Address                              0x200001a0   Data           1  stm32469i_discovery_ts.o(.data)
    AudioInVolume                            0x200001bc   Data           2  stm32469i_discovery_audio.o(.data)
    audio_drv                                0x200001c0   Data           4  stm32469i_discovery_audio.o(.data)
    Channel_Demux                            0x200001c4   Data         128  stm32469i_discovery_audio.o(.data)
    stm32_crc                                0x20000244   Data           4  pdm_filter.o(.data)
    T0                                       0x20000248   Data         256  pdm_filter.o(.data)
    T1                                       0x20000348   Data         256  pdm_filter.o(.data)
    T2                                       0x20000448   Data         256  pdm_filter.o(.data)
    __stdout                                 0x20000548   Data           4  stdout.o(.data)
    __microlib_freelist                      0x2000054c   Data           4  mvars.o(.data)
    __microlib_freelist_initialised          0x20000550   Data           4  mvars.o(.data)
    hhcd                                     0x20000558   Data         664  usbh_conf.o(.bss)
    TS_State                                 0x200007f0   Data          20  main.o(.bss)
    hUSBHost                                 0x20000804   Data         712  main.o(.bss)
    UART3_RxBuffer                           0x20000acc   Data          20  main.o(.bss)
    pHeaderBuff                              0x20000af4   Data          44  waverecorder.o(.bss)
    USBH_FatFs                               0x20005530   Data         560  explorer.o(.bss)
    FileList                                 0x20005760   Data         986  explorer.o(.bss)
    WaveFormat                               0x20005d58   Data          44  waveplayer.o(.bss)
    WavFile                                  0x20005d84   Data         556  waveplayer.o(.bss)
    mfcc_data1                               0x20005fb0   Data         156  waveplayer.o(.bss)
    mfcc_data2                               0x2000604c   Data         156  waveplayer.o(.bss)
    audio_data                               0x200060e8   Data        1024  waveplayer.o(.bss)
    send_data                                0x200064e8   Data         100  waveplayer.o(.bss)
    huart3                                   0x2000654c   Data          64  usart.o(.bss)
    huart6                                   0x2000658c   Data          64  usart.o(.bss)
    LCD_CacheBuffer                          0x200065e4   Data       14916  lcd_log.o(.bss)
    hdma2d_eval                              0x2000a0d0   Data          64  stm32469i_discovery_lcd.o(.bss)
    hltdc_eval                               0x2000a110   Data         168  stm32469i_discovery_lcd.o(.bss)
    hdsi_eval                                0x2000a1b8   Data          28  stm32469i_discovery_lcd.o(.bss)
    haudio_out_sai                           0x2000a474   Data         136  stm32469i_discovery_audio.o(.bss)
    haudio_in_i2s                            0x2000a4fc   Data          72  stm32469i_discovery_audio.o(.bss)
    haudio_tim                               0x2000a544   Data          60  stm32469i_discovery_audio.o(.bss)
    Filter                                   0x2000a580   Data         104  stm32469i_discovery_audio.o(.bss)
    __heap_base                              0x2000a5e8   Data           0  startup_stm32f469xx.o(HEAP)
    __heap_limit                             0x2000c5e8   Data           0  startup_stm32f469xx.o(HEAP)
    __initial_sp                             0x2000d5e8   Data           0  startup_stm32f469xx.o(STACK)



==============================================================================

Memory Map of the image

  Image Entry point : 0x080001b5

  Load Region LR_IROM1 (Base: 0x08000000, Size: 0x000164d4, Max: 0x00200000, ABSOLUTE, COMPRESSED[0x000162cc])

    Execution Region ER_IROM1 (Base: 0x08000000, Size: 0x00015f7c, Max: 0x00200000, ABSOLUTE)

    Base Addr    Size         Type   Attr      Idx    E Section Name        Object

    0x08000000   0x000001b4   Data   RO          368    RESET               startup_stm32f469xx.o
    0x080001b4   0x00000000   Code   RO         8421  * .ARM.Collect$$$$00000000  mc_w.l(entry.o)
    0x080001b4   0x00000004   Code   RO         8827    .ARM.Collect$$$$00000001  mc_w.l(entry2.o)
    0x080001b8   0x00000004   Code   RO         8830    .ARM.Collect$$$$00000004  mc_w.l(entry5.o)
    0x080001bc   0x00000000   Code   RO         8832    .ARM.Collect$$$$00000008  mc_w.l(entry7b.o)
    0x080001bc   0x00000000   Code   RO         8834    .ARM.Collect$$$$0000000A  mc_w.l(entry8b.o)
    0x080001bc   0x00000008   Code   RO         8835    .ARM.Collect$$$$0000000B  mc_w.l(entry9a.o)
    0x080001c4   0x00000000   Code   RO         8837    .ARM.Collect$$$$0000000D  mc_w.l(entry10a.o)
    0x080001c4   0x00000000   Code   RO         8839    .ARM.Collect$$$$0000000F  mc_w.l(entry11a.o)
    0x080001c4   0x00000004   Code   RO         8828    .ARM.Collect$$$$00002712  mc_w.l(entry2.o)
    0x080001c8   0x00000024   Code   RO          369    .text               startup_stm32f469xx.o
    0x080001ec   0x00001840   Code   RO         8356    .text               libPDMFilter_CM4_Keil.lib(pdm_filter.o)
    0x08001a2c   0x00000024   Code   RO         8435    .text               mc_w.l(memcpya.o)
    0x08001a50   0x00000024   Code   RO         8437    .text               mc_w.l(memseta.o)
    0x08001a74   0x00000024   Code   RO         8441    .text               mc_w.l(strstr.o)
    0x08001a98   0x00000018   Code   RO         8443    .text               mc_w.l(strncpy.o)
    0x08001ab0   0x0000001c   Code   RO         8742    .text               mc_w.l(calloc.o)
    0x08001acc   0x00000064   Code   RO         8744    .text               mf_w.l(fmul.o)
    0x08001b30   0x00000018   Code   RO         8746    .text               mf_w.l(fscalb.o)
    0x08001b48   0x0000014e   Code   RO         8748    .text               mf_w.l(dadd.o)
    0x08001c96   0x000000e4   Code   RO         8750    .text               mf_w.l(dmul.o)
    0x08001d7a   0x000000de   Code   RO         8752    .text               mf_w.l(ddiv.o)
    0x08001e58   0x0000002e   Code   RO         8754    .text               mf_w.l(dscalb.o)
    0x08001e86   0x0000000a   Code   RO         8756    .text               mf_w.l(ffltui.o)
    0x08001e90   0x00000022   Code   RO         8758    .text               mf_w.l(dflti.o)
    0x08001eb2   0x0000001a   Code   RO         8760    .text               mf_w.l(dfltui.o)
    0x08001ecc   0x0000003e   Code   RO         8762    .text               mf_w.l(dfixi.o)
    0x08001f0a   0x00000032   Code   RO         8764    .text               mf_w.l(dfixui.o)
    0x08001f3c   0x00000026   Code   RO         8766    .text               mf_w.l(f2d.o)
    0x08001f62   0x00000002   PAD
    0x08001f64   0x00000030   Code   RO         8768    .text               mf_w.l(cdcmple.o)
    0x08001f94   0x00000038   Code   RO         8770    .text               mf_w.l(d2f.o)
    0x08001fcc   0x00000014   Code   RO         8772    .text               mf_w.l(cfrcmple.o)
    0x08001fe0   0x00000062   Code   RO         8855    .text               mc_w.l(uldiv.o)
    0x08002042   0x0000001e   Code   RO         8857    .text               mc_w.l(llshl.o)
    0x08002060   0x00000020   Code   RO         8859    .text               mc_w.l(llushr.o)
    0x08002080   0x00000024   Code   RO         8861    .text               mc_w.l(llsshr.o)
    0x080020a4   0x00000000   Code   RO         8872    .text               mc_w.l(iusefp.o)
    0x080020a4   0x0000006e   Code   RO         8873    .text               mf_w.l(fepilogue.o)
    0x08002112   0x000000ba   Code   RO         8875    .text               mf_w.l(depilogue.o)
    0x080021cc   0x000000a2   Code   RO         8879    .text               mf_w.l(dsqrt.o)
    0x0800226e   0x00000002   PAD
    0x08002270   0x00000030   Code   RO         8883    .text               mf_w.l(cdrcmple.o)
    0x080022a0   0x00000024   Code   RO         8885    .text               mc_w.l(init.o)
    0x080022c4   0x00000056   Code   RO         8897    .text               mc_w.l(__dczerorl2.o)
    0x0800231a   0x00000002   PAD
    0x0800231c   0x00000048   Code   RO         1090    i.AUDIO_AcquireTouchButtons  waveplayer.o
    0x08002364   0x00000020   Code   RO          890    i.AUDIO_ChangeSelectMode  menu.o
    0x08002384   0x0000000c   Code   RO         1044    i.AUDIO_GetWavObjectNumber  explorer.o
    0x08002390   0x00000002   Code   RO         7696    i.AUDIO_IO_DeInit   stm32469i_discovery.o
    0x08002392   0x00000004   Code   RO         7698    i.AUDIO_IO_Init     stm32469i_discovery.o
    0x08002396   0x00000002   PAD
    0x08002398   0x00000038   Code   RO         7699    i.AUDIO_IO_Read     stm32469i_discovery.o
    0x080023d0   0x00000030   Code   RO         7700    i.AUDIO_IO_Write    stm32469i_discovery.o
    0x08002400   0x00000100   Code   RO          693    i.AUDIO_InitApplication  main.o
    0x08002500   0x000002b4   Code   RO          891    i.AUDIO_MenuProcess  menu.o
    0x080027b4   0x00000020   Code   RO         1091    i.AUDIO_PLAYER_Init  waveplayer.o
    0x080027d4   0x00000148   Code   RO         1092    i.AUDIO_PLAYER_Process  waveplayer.o
    0x0800291c   0x000001bc   Code   RO         1093    i.AUDIO_PLAYER_Start  waveplayer.o
    0x08002ad8   0x00000140   Code   RO         1095    i.AUDIO_PlaybackDisplayButtons  waveplayer.o
    0x08002c18   0x00000124   Code   RO          768    i.AUDIO_REC_DisplayButtons  waverecorder.o
    0x08002d3c   0x000004fc   Code   RO          769    i.AUDIO_REC_Process  waverecorder.o
    0x08003238   0x00000198   Code   RO          770    i.AUDIO_REC_Start   waverecorder.o
    0x080033d0   0x00000118   Code   RO         1045    i.AUDIO_ShowWavFiles  explorer.o
    0x080034e8   0x00000088   Code   RO         1046    i.AUDIO_StorageInit  explorer.o
    0x08003570   0x000000c4   Code   RO         1047    i.AUDIO_StorageParse  explorer.o
    0x08003634   0x00000022   Code   RO         8060    i.BSP_AUDIO_IN_ClockConfig  stm32469i_discovery_audio.o
    0x08003656   0x00000002   Code   RO         8062    i.BSP_AUDIO_IN_Error_Callback  stm32469i_discovery_audio.o
    0x08003658   0x00000054   Code   RO          771    i.BSP_AUDIO_IN_HalfTransfer_CallBack  waverecorder.o
    0x080036ac   0x00000044   Code   RO         8064    i.BSP_AUDIO_IN_Init  stm32469i_discovery_audio.o
    0x080036f0   0x000000e8   Code   RO         8066    i.BSP_AUDIO_IN_MspInit  stm32469i_discovery_audio.o
    0x080037d8   0x00000094   Code   RO         8067    i.BSP_AUDIO_IN_PDMToPCM  stm32469i_discovery_audio.o
    0x0800386c   0x00000010   Code   RO         8068    i.BSP_AUDIO_IN_Pause  stm32469i_discovery_audio.o
    0x0800387c   0x00000014   Code   RO         8069    i.BSP_AUDIO_IN_Record  stm32469i_discovery_audio.o
    0x08003890   0x00000010   Code   RO         8070    i.BSP_AUDIO_IN_Resume  stm32469i_discovery_audio.o
    0x080038a0   0x0000000c   Code   RO         8071    i.BSP_AUDIO_IN_SetVolume  stm32469i_discovery_audio.o
    0x080038ac   0x00000020   Code   RO         8072    i.BSP_AUDIO_IN_Stop  stm32469i_discovery_audio.o
    0x080038cc   0x00000054   Code   RO          772    i.BSP_AUDIO_IN_TransferComplete_CallBack  waverecorder.o
    0x08003920   0x0000004e   Code   RO         8076    i.BSP_AUDIO_OUT_ClockConfig  stm32469i_discovery_audio.o
    0x0800396e   0x00000002   PAD
    0x08003970   0x00000070   Code   RO         8080    i.BSP_AUDIO_OUT_Init  stm32469i_discovery_audio.o
    0x080039e0   0x00000128   Code   RO         8082    i.BSP_AUDIO_OUT_MspInit  stm32469i_discovery_audio.o
    0x08003b08   0x00000028   Code   RO         8086    i.BSP_AUDIO_OUT_SetAudioFrameSlot  stm32469i_discovery_audio.o
    0x08003b30   0x00000038   Code   RO         8091    i.BSP_AUDIO_OUT_Stop  stm32469i_discovery_audio.o
    0x08003b68   0x00000030   Code   RO         7335    i.BSP_LCD_Clear     stm32469i_discovery_lcd.o
    0x08003b98   0x00000048   Code   RO         7336    i.BSP_LCD_ClearStringLine  stm32469i_discovery_lcd.o
    0x08003be0   0x00000034   Code   RO         7339    i.BSP_LCD_DisplayChar  stm32469i_discovery_lcd.o
    0x08003c14   0x000000ac   Code   RO         7342    i.BSP_LCD_DisplayStringAt  stm32469i_discovery_lcd.o
    0x08003cc0   0x0000001c   Code   RO         7343    i.BSP_LCD_DisplayStringAtLine  stm32469i_discovery_lcd.o
    0x08003cdc   0x00000118   Code   RO         7345    i.BSP_LCD_DrawCircle  stm32469i_discovery_lcd.o
    0x08003df4   0x00000044   Code   RO         7347    i.BSP_LCD_DrawHLine  stm32469i_discovery_lcd.o
    0x08003e38   0x000000c8   Code   RO         7348    i.BSP_LCD_DrawLine  stm32469i_discovery_lcd.o
    0x08003f00   0x0000002c   Code   RO         7349    i.BSP_LCD_DrawPixel  stm32469i_discovery_lcd.o
    0x08003f2c   0x00000036   Code   RO         7351    i.BSP_LCD_DrawRect  stm32469i_discovery_lcd.o
    0x08003f62   0x00000002   PAD
    0x08003f64   0x00000048   Code   RO         7352    i.BSP_LCD_DrawVLine  stm32469i_discovery_lcd.o
    0x08003fac   0x000000c4   Code   RO         7353    i.BSP_LCD_FillCircle  stm32469i_discovery_lcd.o
    0x08004070   0x00000114   Code   RO         7355    i.BSP_LCD_FillPolygon  stm32469i_discovery_lcd.o
    0x08004184   0x00000060   Code   RO         7356    i.BSP_LCD_FillRect  stm32469i_discovery_lcd.o
    0x080041e4   0x0000001c   Code   RO         7358    i.BSP_LCD_GetFont   stm32469i_discovery_lcd.o
    0x08004200   0x0000000c   Code   RO         7360    i.BSP_LCD_GetXSize  stm32469i_discovery_lcd.o
    0x0800420c   0x0000000c   Code   RO         7361    i.BSP_LCD_GetYSize  stm32469i_discovery_lcd.o
    0x08004218   0x00000006   Code   RO         7362    i.BSP_LCD_Init      stm32469i_discovery_lcd.o
    0x0800421e   0x00000002   PAD
    0x08004220   0x00000198   Code   RO         7363    i.BSP_LCD_InitEx    stm32469i_discovery_lcd.o
    0x080043b8   0x00000070   Code   RO         7366    i.BSP_LCD_LayerDefaultInit  stm32469i_discovery_lcd.o
    0x08004428   0x000000a8   Code   RO         7368    i.BSP_LCD_MspInit   stm32469i_discovery_lcd.o
    0x080044d0   0x0000005c   Code   RO         7370    i.BSP_LCD_Reset     stm32469i_discovery_lcd.o
    0x0800452c   0x0000000c   Code   RO         7372    i.BSP_LCD_SelectLayer  stm32469i_discovery_lcd.o
    0x08004538   0x0000001c   Code   RO         7373    i.BSP_LCD_SetBackColor  stm32469i_discovery_lcd.o
    0x08004554   0x0000001c   Code   RO         7375    i.BSP_LCD_SetFont   stm32469i_discovery_lcd.o
    0x08004570   0x00000018   Code   RO         7379    i.BSP_LCD_SetTextColor  stm32469i_discovery_lcd.o
    0x08004588   0x00000088   Code   RO         7703    i.BSP_LED_Init      stm32469i_discovery.o
    0x08004610   0x00000020   Code   RO         7706    i.BSP_LED_Toggle    stm32469i_discovery.o
    0x08004630   0x00000018   Code   RO         7708    i.BSP_PB_GetState   stm32469i_discovery.o
    0x08004648   0x00000084   Code   RO         7709    i.BSP_PB_Init       stm32469i_discovery.o
    0x080046cc   0x00000078   Code   RO         7975    i.BSP_SDRAM_Init    stm32469i_discovery_sdram.o
    0x08004744   0x0000008c   Code   RO         7976    i.BSP_SDRAM_Initialization_sequence  stm32469i_discovery_sdram.o
    0x080047d0   0x00000188   Code   RO         7978    i.BSP_SDRAM_MspInit  stm32469i_discovery_sdram.o
    0x08004958   0x00000130   Code   RO         7909    i.BSP_TS_GetState   stm32469i_discovery_ts.o
    0x08004a88   0x0000005c   Code   RO         7910    i.BSP_TS_Get_GestureId  stm32469i_discovery_ts.o
    0x08004ae4   0x00000064   Code   RO         7913    i.BSP_TS_Init       stm32469i_discovery_ts.o
    0x08004b48   0x00000028   Code   RO         7914    i.BSP_TS_ResetTouchData  stm32469i_discovery_ts.o
    0x08004b70   0x00000002   Code   RO          932    i.BusFault_Handler  stm32f4xx_it.o
    0x08004b72   0x0000000a   Code   RO         7136    i.CODEC_IO_Write    cs43l22.o
    0x08004b7c   0x00000020   Code   RO         1098    i.COMPUTING_MFCCs   waveplayer.o
    0x08004b9c   0x0000000c   Code   RO          933    i.DMA1_Stream2_IRQHandler  stm32f4xx_it.o
    0x08004ba8   0x000000a4   Code   RO         6223    i.DMA2D_SetConfig   stm32f4xx_hal_dma2d.o
    0x08004c4c   0x0000000c   Code   RO          934    i.DMA2_Stream3_IRQHandler  stm32f4xx_it.o
    0x08004c58   0x00000028   Code   RO         4920    i.DMA_CalcBaseAndBitshift  stm32f4xx_hal_dma.o
    0x08004c80   0x00000054   Code   RO         4921    i.DMA_CheckFifoParam  stm32f4xx_hal_dma.o
    0x08004cd4   0x00000028   Code   RO         4922    i.DMA_SetConfig     stm32f4xx_hal_dma.o
    0x08004cfc   0x00000014   Code   RO         2217    i.DSI_ConfigPacketHeader  stm32f4xx_hal_dsi.o
    0x08004d10   0x00000030   Code   RO         7383    i.DSI_IO_WriteCmd   stm32469i_discovery_lcd.o
    0x08004d40   0x00000046   Code   RO         6727    i.DeInitStateMachine  usbh_core.o
    0x08004d86   0x00000002   Code   RO          935    i.DebugMon_Handler  stm32f4xx_it.o
    0x08004d88   0x000000b4   Code   RO         7384    i.DrawChar          stm32469i_discovery_lcd.o
    0x08004e3c   0x00000006   Code   RO          936    i.EXTI2_IRQHandler  stm32f4xx_it.o
    0x08004e42   0x00000002   Code   RO          694    i.Error_Handler     main.o
    0x08004e44   0x000001e0   Code   RO         1340    i.FFT               mfcc.o
    0x08005024   0x00000050   Code   RO         4031    i.FMC_SDRAM_Init    stm32f4xx_ll_fmc.o
    0x08005074   0x0000000c   Code   RO         4032    i.FMC_SDRAM_ProgramRefreshRate  stm32f4xx_ll_fmc.o
    0x08005080   0x00000048   Code   RO         4033    i.FMC_SDRAM_SendCommand  stm32f4xx_ll_fmc.o
    0x080050c8   0x00000080   Code   RO         4035    i.FMC_SDRAM_Timing_Init  stm32f4xx_ll_fmc.o
    0x08005148   0x000000bc   Code   RO         7385    i.FillTriangle      stm32469i_discovery_lcd.o
    0x08005204   0x00000208   Code   RO         1341    i.FrametoMFCC       mfcc.o
    0x0800540c   0x00000150   Code   RO         1099    i.GetFileInfo       waveplayer.o
    0x0800555c   0x000000c4   Code   RO         6235    i.HAL_DMA2D_ConfigLayer  stm32f4xx_hal_dma2d.o
    0x08005620   0x0000005a   Code   RO         6243    i.HAL_DMA2D_Init    stm32f4xx_hal_dma2d.o
    0x0800567a   0x00000002   Code   RO         6246    i.HAL_DMA2D_MspInit  stm32f4xx_hal_dma2d.o
    0x0800567c   0x0000010c   Code   RO         6247    i.HAL_DMA2D_PollForTransfer  stm32f4xx_hal_dma2d.o
    0x08005788   0x00000034   Code   RO         6250    i.HAL_DMA2D_Start   stm32f4xx_hal_dma2d.o
    0x080057bc   0x0000008e   Code   RO         4923    i.HAL_DMA_Abort     stm32f4xx_hal_dma.o
    0x0800584a   0x00000024   Code   RO         4924    i.HAL_DMA_Abort_IT  stm32f4xx_hal_dma.o
    0x0800586e   0x00000056   Code   RO         4925    i.HAL_DMA_DeInit    stm32f4xx_hal_dma.o
    0x080058c4   0x000001a8   Code   RO         4928    i.HAL_DMA_IRQHandler  stm32f4xx_hal_dma.o
    0x08005a6c   0x000000d4   Code   RO         4929    i.HAL_DMA_Init      stm32f4xx_hal_dma.o
    0x08005b40   0x00000078   Code   RO         4933    i.HAL_DMA_Start_IT  stm32f4xx_hal_dma.o
    0x08005bb8   0x0000007a   Code   RO         2224    i.HAL_DSI_ConfigPhyTimer  stm32f4xx_hal_dsi.o
    0x08005c32   0x00000256   Code   RO         2225    i.HAL_DSI_ConfigVideoMode  stm32f4xx_hal_dsi.o
    0x08005e88   0x0000005e   Code   RO         2226    i.HAL_DSI_DeInit    stm32f4xx_hal_dsi.o
    0x08005ee6   0x00000002   PAD
    0x08005ee8   0x00000154   Code   RO         2239    i.HAL_DSI_Init      stm32f4xx_hal_dsi.o
    0x0800603c   0x000000c4   Code   RO         2240    i.HAL_DSI_LongWrite  stm32f4xx_hal_dsi.o
    0x08006100   0x00000002   Code   RO         2241    i.HAL_DSI_MspDeInit  stm32f4xx_hal_dsi.o
    0x08006102   0x00000002   Code   RO         2242    i.HAL_DSI_MspInit   stm32f4xx_hal_dsi.o
    0x08006104   0x0000005e   Code   RO         2255    i.HAL_DSI_ShortWrite  stm32f4xx_hal_dsi.o
    0x08006162   0x0000002e   Code   RO         2257    i.HAL_DSI_Start     stm32f4xx_hal_dsi.o
    0x08006190   0x0000001c   Code   RO         5434    i.HAL_Delay         stm32f4xx_hal.o
    0x080061ac   0x00000002   Code   RO         3867    i.HAL_GPIO_EXTI_Callback  stm32f4xx_hal_gpio.o
    0x080061ae   0x00000002   PAD
    0x080061b0   0x00000018   Code   RO         3868    i.HAL_GPIO_EXTI_IRQHandler  stm32f4xx_hal_gpio.o
    0x080061c8   0x000001cc   Code   RO         3869    i.HAL_GPIO_Init     stm32f4xx_hal_gpio.o
    0x08006394   0x0000000a   Code   RO         3871    i.HAL_GPIO_ReadPin  stm32f4xx_hal_gpio.o
    0x0800639e   0x00000008   Code   RO         3872    i.HAL_GPIO_TogglePin  stm32f4xx_hal_gpio.o
    0x080063a6   0x0000000a   Code   RO         3873    i.HAL_GPIO_WritePin  stm32f4xx_hal_gpio.o
    0x080063b0   0x0000000c   Code   RO         5442    i.HAL_GetTick       stm32f4xx_hal.o
    0x080063bc   0x00000008   Code   RO          546    i.HAL_HCD_Connect_Callback  usbh_conf.o
    0x080063c4   0x00000008   Code   RO          547    i.HAL_HCD_Disconnect_Callback  usbh_conf.o
    0x080063cc   0x00000006   Code   RO         4566    i.HAL_HCD_GetCurrentFrame  stm32f4xx_hal_hcd.o
    0x080063d2   0x00000006   Code   RO         4567    i.HAL_HCD_GetCurrentSpeed  stm32f4xx_hal_hcd.o
    0x080063d8   0x0000000e   Code   RO         4570    i.HAL_HCD_HC_GetURBState  stm32f4xx_hal_hcd.o
    0x080063e6   0x0000000c   Code   RO         4571    i.HAL_HCD_HC_GetXferCount  stm32f4xx_hal_hcd.o
    0x080063f2   0x00000024   Code   RO         4572    i.HAL_HCD_HC_Halt   stm32f4xx_hal_hcd.o
    0x08006416   0x00000054   Code   RO         4573    i.HAL_HCD_HC_Init   stm32f4xx_hal_hcd.o
    0x0800646a   0x00000002   Code   RO          548    i.HAL_HCD_HC_NotifyURBChange_Callback  usbh_conf.o
    0x0800646c   0x000000b6   Code   RO         4575    i.HAL_HCD_HC_SubmitRequest  stm32f4xx_hal_hcd.o
    0x08006522   0x00000002   PAD
    0x08006524   0x0000012e   Code   RO         4576    i.HAL_HCD_IRQHandler  stm32f4xx_hal_hcd.o
    0x08006652   0x0000005a   Code   RO         4577    i.HAL_HCD_Init      stm32f4xx_hal_hcd.o
    0x080066ac   0x000000b0   Code   RO          550    i.HAL_HCD_MspInit   usbh_conf.o
    0x0800675c   0x00000006   Code   RO         4580    i.HAL_HCD_ResetPort  stm32f4xx_hal_hcd.o
    0x08006762   0x00000008   Code   RO          551    i.HAL_HCD_SOF_Callback  usbh_conf.o
    0x0800676a   0x0000002c   Code   RO         4582    i.HAL_HCD_Start     stm32f4xx_hal_hcd.o
    0x08006796   0x00000024   Code   RO         4583    i.HAL_HCD_Stop      stm32f4xx_hal_hcd.o
    0x080067ba   0x00000032   Code   RO         2650    i.HAL_I2C_DeInit    stm32f4xx_hal_i2c.o
    0x080067ec   0x00000006   Code   RO         2658    i.HAL_I2C_GetState  stm32f4xx_hal_i2c.o
    0x080067f2   0x00000002   PAD
    0x080067f4   0x00000108   Code   RO         2659    i.HAL_I2C_Init      stm32f4xx_hal_i2c.o
    0x080068fc   0x000001fc   Code   RO         2675    i.HAL_I2C_Mem_Read  stm32f4xx_hal_i2c.o
    0x08006af8   0x0000013c   Code   RO         2678    i.HAL_I2C_Mem_Write  stm32f4xx_hal_i2c.o
    0x08006c34   0x00000002   Code   RO         2681    i.HAL_I2C_MspDeInit  stm32f4xx_hal_i2c.o
    0x08006c36   0x00000002   Code   RO         2682    i.HAL_I2C_MspInit   stm32f4xx_hal_i2c.o
    0x08006c38   0x000001e4   Code   RO         4847    i.HAL_I2SEx_FullDuplex_IRQHandler  stm32f4xx_hal_i2s_ex.o
    0x08006e1c   0x00000002   Code   RO         4851    i.HAL_I2SEx_TxRxCpltCallback  stm32f4xx_hal_i2s_ex.o
    0x08006e1e   0x00000002   PAD
    0x08006e20   0x00000080   Code   RO         1848    i.HAL_I2S_DMAPause  stm32f4xx_hal_i2s.o
    0x08006ea0   0x000000bc   Code   RO         1849    i.HAL_I2S_DMAResume  stm32f4xx_hal_i2s.o
    0x08006f5c   0x00000024   Code   RO         1851    i.HAL_I2S_DeInit    stm32f4xx_hal_i2s.o
    0x08006f80   0x00000008   Code   RO         8093    i.HAL_I2S_ErrorCallback  stm32469i_discovery_audio.o
    0x08006f88   0x00000006   Code   RO         1854    i.HAL_I2S_GetState  stm32f4xx_hal_i2s.o
    0x08006f8e   0x00000002   PAD
    0x08006f90   0x00000194   Code   RO         1856    i.HAL_I2S_Init      stm32f4xx_hal_i2s.o
    0x08007124   0x00000002   Code   RO         1857    i.HAL_I2S_MspDeInit  stm32f4xx_hal_i2s.o
    0x08007126   0x00000002   Code   RO         1858    i.HAL_I2S_MspInit   stm32f4xx_hal_i2s.o
    0x08007128   0x000000c0   Code   RO         1860    i.HAL_I2S_Receive_DMA  stm32f4xx_hal_i2s.o
    0x080071e8   0x00000008   Code   RO         8094    i.HAL_I2S_RxCpltCallback  stm32469i_discovery_audio.o
    0x080071f0   0x00000008   Code   RO         8095    i.HAL_I2S_RxHalfCpltCallback  stm32469i_discovery_audio.o
    0x080071f8   0x00000002   Code   RO         1867    i.HAL_I2S_TxCpltCallback  stm32f4xx_hal_i2s.o
    0x080071fa   0x00000002   PAD
    0x080071fc   0x00000010   Code   RO         5444    i.HAL_IncTick       stm32f4xx_hal.o
    0x0800720c   0x00000034   Code   RO         5445    i.HAL_Init          stm32f4xx_hal.o
    0x08007240   0x00000028   Code   RO         5446    i.HAL_InitTick      stm32f4xx_hal.o
    0x08007268   0x0000005a   Code   RO         2128    i.HAL_LTDCEx_StructInitFromVideoConfig  stm32f4xx_hal_ltdc_ex.o
    0x080072c2   0x00000052   Code   RO         1594    i.HAL_LTDC_ConfigLayer  stm32f4xx_hal_ltdc.o
    0x08007314   0x000000f4   Code   RO         1611    i.HAL_LTDC_Init     stm32f4xx_hal_ltdc.o
    0x08007408   0x00000002   Code   RO         1614    i.HAL_LTDC_MspInit  stm32f4xx_hal_ltdc.o
    0x0800740a   0x00000058   Code   RO         1319    i.HAL_MspInit       stm32f4xx_hal_msp.o
    0x08007462   0x00000016   Code   RO         3736    i.HAL_NVIC_EnableIRQ  stm32f4xx_hal_cortex.o
    0x08007478   0x00000040   Code   RO         3742    i.HAL_NVIC_SetPriority  stm32f4xx_hal_cortex.o
    0x080074b8   0x00000024   Code   RO         3743    i.HAL_NVIC_SetPriorityGrouping  stm32f4xx_hal_cortex.o
    0x080074dc   0x0000008c   Code   RO         3938    i.HAL_PWREx_EnableOverDrive  stm32f4xx_hal_pwr_ex.o
    0x08007568   0x000000f8   Code   RO         2157    i.HAL_RCCEx_GetPeriphCLKConfig  stm32f4xx_hal_rcc_ex.o
    0x08007660   0x0000005c   Code   RO         2158    i.HAL_RCCEx_GetPeriphCLKFreq  stm32f4xx_hal_rcc_ex.o
    0x080076bc   0x000003dc   Code   RO         2159    i.HAL_RCCEx_PeriphCLKConfig  stm32f4xx_hal_rcc_ex.o
    0x08007a98   0x0000017c   Code   RO         4197    i.HAL_RCC_ClockConfig  stm32f4xx_hal_rcc.o
    0x08007c14   0x00000030   Code   RO         4204    i.HAL_RCC_GetPCLK1Freq  stm32f4xx_hal_rcc.o
    0x08007c44   0x00000030   Code   RO         4205    i.HAL_RCC_GetPCLK2Freq  stm32f4xx_hal_rcc.o
    0x08007c74   0x00000070   Code   RO         4206    i.HAL_RCC_GetSysClockFreq  stm32f4xx_hal_rcc.o
    0x08007ce4   0x00000328   Code   RO         2163    i.HAL_RCC_OscConfig  stm32f4xx_hal_rcc_ex.o
    0x0800800c   0x0000004c   Code   RO         4301    i.HAL_SAI_DMAStop   stm32f4xx_hal_sai.o
    0x08008058   0x00000042   Code   RO         4302    i.HAL_SAI_DeInit    stm32f4xx_hal_sai.o
    0x0800809a   0x00000006   Code   RO         4309    i.HAL_SAI_GetState  stm32f4xx_hal_sai.o
    0x080080a0   0x00000164   Code   RO         4311    i.HAL_SAI_Init      stm32f4xx_hal_sai.o
    0x08008204   0x00000002   Code   RO         4313    i.HAL_SAI_MspDeInit  stm32f4xx_hal_sai.o
    0x08008206   0x00000002   Code   RO         4314    i.HAL_SAI_MspInit   stm32f4xx_hal_sai.o
    0x08008208   0x00000042   Code   RO         2498    i.HAL_SDRAM_Init    stm32f4xx_hal_sdram.o
    0x0800824a   0x00000002   Code   RO         2500    i.HAL_SDRAM_MspInit  stm32f4xx_hal_sdram.o
    0x0800824c   0x00000022   Code   RO         2501    i.HAL_SDRAM_ProgramRefreshRate  stm32f4xx_hal_sdram.o
    0x0800826e   0x00000002   PAD
    0x08008270   0x00000030   Code   RO         2507    i.HAL_SDRAM_SendCommand  stm32f4xx_hal_sdram.o
    0x080082a0   0x00000002   Code   RO         3746    i.HAL_SYSTICK_Callback  stm32f4xx_hal_cortex.o
    0x080082a2   0x00000028   Code   RO         3747    i.HAL_SYSTICK_Config  stm32f4xx_hal_cortex.o
    0x080082ca   0x00000008   Code   RO         3748    i.HAL_SYSTICK_IRQHandler  stm32f4xx_hal_cortex.o
    0x080082d2   0x000000f2   Code   RO         5603    i.HAL_TIM_ConfigClockSource  stm32f4xx_hal_tim.o
    0x080083c4   0x0000011e   Code   RO         5624    i.HAL_TIM_IC_ConfigChannel  stm32f4xx_hal_tim.o
    0x080084e2   0x00000036   Code   RO         5627    i.HAL_TIM_IC_Init   stm32f4xx_hal_tim.o
    0x08008518   0x00000002   Code   RO         5629    i.HAL_TIM_IC_MspInit  stm32f4xx_hal_tim.o
    0x0800851a   0x0000001a   Code   RO         5630    i.HAL_TIM_IC_Start  stm32f4xx_hal_tim.o
    0x08008534   0x000000d0   Code   RO         5660    i.HAL_TIM_PWM_ConfigChannel  stm32f4xx_hal_tim.o
    0x08008604   0x00000038   Code   RO         5667    i.HAL_TIM_PWM_Start  stm32f4xx_hal_tim.o
    0x0800863c   0x00000042   Code   RO         5675    i.HAL_TIM_SlaveConfigSynchronization  stm32f4xx_hal_tim.o
    0x0800867e   0x00000002   Code   RO         3067    i.HAL_UART_ErrorCallback  stm32f4xx_hal_uart.o
    0x08008680   0x00000110   Code   RO         3070    i.HAL_UART_IRQHandler  stm32f4xx_hal_uart.o
    0x08008790   0x00000062   Code   RO         3071    i.HAL_UART_Init     stm32f4xx_hal_uart.o
    0x080087f2   0x00000002   PAD
    0x080087f4   0x000000a4   Code   RO         1272    i.HAL_UART_MspInit  usart.o
    0x08008898   0x00000048   Code   RO         3076    i.HAL_UART_Receive_IT  stm32f4xx_hal_uart.o
    0x080088e0   0x00000002   Code   RO         3077    i.HAL_UART_RxCpltCallback  stm32f4xx_hal_uart.o
    0x080088e2   0x0000003e   Code   RO         3081    i.HAL_UART_Transmit_IT  stm32f4xx_hal_uart.o
    0x08008920   0x00000002   Code   RO         3082    i.HAL_UART_TxCpltCallback  stm32f4xx_hal_uart.o
    0x08008922   0x00000232   Code   RO         4584    i.HCD_HC_IN_IRQHandler  stm32f4xx_hal_hcd.o
    0x08008b54   0x00000216   Code   RO         4585    i.HCD_HC_OUT_IRQHandler  stm32f4xx_hal_hcd.o
    0x08008d6a   0x000000ac   Code   RO         4586    i.HCD_Port_IRQHandler  stm32f4xx_hal_hcd.o
    0x08008e16   0x00000002   PAD
    0x08008e18   0x00000070   Code   RO         4587    i.HCD_RXQLVL_IRQHandler  stm32f4xx_hal_hcd.o
    0x08008e88   0x00000094   Code   RO         1342    i.HammingWindowing  mfcc.o
    0x08008f1c   0x00000002   Code   RO          937    i.HardFault_Handler  stm32f4xx_it.o
    0x08008f1e   0x00000002   PAD
    0x08008f20   0x00000014   Code   RO         7714    i.I2C1_Error        stm32469i_discovery.o
    0x08008f34   0x00000048   Code   RO         7715    i.I2C1_Init         stm32469i_discovery.o
    0x08008f7c   0x00000098   Code   RO         7716    i.I2C1_MspInit      stm32469i_discovery.o
    0x08009014   0x00000030   Code   RO         7717    i.I2C1_ReadMultiple  stm32469i_discovery.o
    0x08009044   0x00000014   Code   RO         7719    i.I2C2_Error        stm32469i_discovery.o
    0x08009058   0x00000048   Code   RO         7720    i.I2C2_Init         stm32469i_discovery.o
    0x080090a0   0x00000094   Code   RO         7721    i.I2C2_MspInit      stm32469i_discovery.o
    0x08009134   0x00000028   Code   RO         2697    i.I2C_IsAcknowledgeFailed  stm32f4xx_hal_i2c.o
    0x0800915c   0x000000f0   Code   RO         2706    i.I2C_RequestMemoryRead  stm32f4xx_hal_i2c.o
    0x0800924c   0x000000a0   Code   RO         2707    i.I2C_RequestMemoryWrite  stm32f4xx_hal_i2c.o
    0x080092ec   0x0000004e   Code   RO         2710    i.I2C_WaitOnBTFFlagUntilTimeout  stm32f4xx_hal_i2c.o
    0x0800933a   0x00000060   Code   RO         2711    i.I2C_WaitOnFlagUntilTimeout  stm32f4xx_hal_i2c.o
    0x0800939a   0x00000002   PAD
    0x0800939c   0x00000088   Code   RO         2712    i.I2C_WaitOnMasterAddressFlagUntilTimeout  stm32f4xx_hal_i2c.o
    0x08009424   0x00000062   Code   RO         2713    i.I2C_WaitOnRXNEFlagUntilTimeout  stm32f4xx_hal_i2c.o
    0x08009486   0x0000004e   Code   RO         2714    i.I2C_WaitOnTXEFlagUntilTimeout  stm32f4xx_hal_i2c.o
    0x080094d4   0x00000088   Code   RO         4852    i.I2SEx_FullDuplexRx_IT  stm32f4xx_hal_i2s_ex.o
    0x0800955c   0x00000084   Code   RO         4853    i.I2SEx_FullDuplexTx_IT  stm32f4xx_hal_i2s_ex.o
    0x080095e0   0x00000028   Code   RO         1869    i.I2S_DMAError      stm32f4xx_hal_i2s.o
    0x08009608   0x00000028   Code   RO         1870    i.I2S_DMARxCplt     stm32f4xx_hal_i2s.o
    0x08009630   0x0000000a   Code   RO         1871    i.I2S_DMARxHalfCplt  stm32f4xx_hal_i2s.o
    0x0800963a   0x000000f0   Code   RO         1874    i.I2S_IRQHandler    stm32f4xx_hal_i2s.o
    0x0800972a   0x00000002   PAD
    0x0800972c   0x00000020   Code   RO         8099    i.I2Sx_DeInit       stm32469i_discovery_audio.o
    0x0800974c   0x00000044   Code   RO         8100    i.I2Sx_Init         stm32469i_discovery_audio.o
    0x08009790   0x00000014   Code   RO          892    i.LCD_ClearTextZone  menu.o
    0x080097a4   0x00000028   Code   RO         7257    i.LCD_LOG_DeInit    lcd_log.o
    0x080097cc   0x00000012   Code   RO         7258    i.LCD_LOG_Init      lcd_log.o
    0x080097de   0x00000002   PAD
    0x080097e0   0x00000068   Code   RO         7262    i.LCD_LOG_SetHeader  lcd_log.o
    0x08009848   0x00000084   Code   RO         7263    i.LCD_LOG_UpdateDisplay  lcd_log.o
    0x080098cc   0x00000060   Code   RO         7387    i.LL_FillBuffer     stm32469i_discovery_lcd.o
    0x0800992c   0x00000162   Code   RO         1630    i.LTDC_SetConfig    stm32f4xx_hal_ltdc.o
    0x08009a8e   0x00000002   PAD
    0x08009a90   0x000003c0   Code   RO         1247    i.MX_GPIO_Init      gpio.o
    0x08009e50   0x00000038   Code   RO         1273    i.MX_USART3_UART_Init  usart.o
    0x08009e88   0x00000038   Code   RO         1274    i.MX_USART6_UART_Init  usart.o
    0x08009ec0   0x00000002   Code   RO          938    i.MemManage_Handler  stm32f4xx_it.o
    0x08009ec2   0x00000002   Code   RO          939    i.NMI_Handler       stm32f4xx_it.o
    0x08009ec4   0x00000020   Code   RO         3749    i.NVIC_SetPriority  stm32f4xx_hal_cortex.o
    0x08009ee4   0x0000000c   Code   RO          940    i.OTG_FS_IRQHandler  stm32f4xx_it.o
    0x08009ef0   0x00000004   Code   RO         7722    i.OTM8009A_IO_Delay  stm32469i_discovery.o
    0x08009ef4   0x00000418   Code   RO         7230    i.OTM8009A_Init     otm8009a.o
    0x0800a30c   0x0000005c   Code   RO         8101    i.PDMDecoder_Init   stm32469i_discovery_audio.o
    0x0800a368   0x00000002   Code   RO          941    i.PendSV_Handler    stm32f4xx_it.o
    0x0800a36a   0x00000002   PAD
    0x0800a36c   0x00000020   Code   RO         4166    i.SAI_BlockSynchroConfig  stm32f4xx_hal_sai_ex.o
    0x0800a38c   0x00000040   Code   RO         4331    i.SAI_Disable       stm32f4xx_hal_sai.o
    0x0800a3cc   0x000000b0   Code   RO         4167    i.SAI_GetInputClock  stm32f4xx_hal_sai_ex.o
    0x0800a47c   0x0000001c   Code   RO         8102    i.SAIx_DeInit       stm32469i_discovery_audio.o
    0x0800a498   0x00000074   Code   RO         8103    i.SAIx_Init         stm32469i_discovery_audio.o
    0x0800a50c   0x00000002   Code   RO          942    i.SVC_Handler       stm32f4xx_it.o
    0x0800a50e   0x00000012   Code   RO          943    i.SysTick_Handler   stm32f4xx_it.o
    0x0800a520   0x0000008c   Code   RO          695    i.SystemClock_Config  main.o
    0x0800a5ac   0x00000054   Code   RO          377    i.SystemInit        system_stm32f4xx.o
    0x0800a600   0x000000c0   Code   RO         5678    i.TIM_Base_SetConfig  stm32f4xx_hal_tim.o
    0x0800a6c0   0x00000016   Code   RO         5679    i.TIM_CCxChannelCmd  stm32f4xx_hal_tim.o
    0x0800a6d6   0x00000014   Code   RO         5685    i.TIM_ETR_SetConfig  stm32f4xx_hal_tim.o
    0x0800a6ea   0x00000010   Code   RO         5686    i.TIM_ITRx_SetConfig  stm32f4xx_hal_tim.o
    0x0800a6fa   0x00000002   PAD
    0x0800a6fc   0x00000058   Code   RO         5687    i.TIM_OC1_SetConfig  stm32f4xx_hal_tim.o
    0x0800a754   0x00000064   Code   RO         5688    i.TIM_OC2_SetConfig  stm32f4xx_hal_tim.o
    0x0800a7b8   0x00000060   Code   RO         5689    i.TIM_OC3_SetConfig  stm32f4xx_hal_tim.o
    0x0800a818   0x00000050   Code   RO         5690    i.TIM_OC4_SetConfig  stm32f4xx_hal_tim.o
    0x0800a868   0x0000007c   Code   RO         5691    i.TIM_SlaveTimer_SetConfig  stm32f4xx_hal_tim.o
    0x0800a8e4   0x00000022   Code   RO         5692    i.TIM_TI1_ConfigInputStage  stm32f4xx_hal_tim.o
    0x0800a906   0x00000002   PAD
    0x0800a908   0x00000084   Code   RO         5693    i.TIM_TI1_SetConfig  stm32f4xx_hal_tim.o
    0x0800a98c   0x00000024   Code   RO         5694    i.TIM_TI2_ConfigInputStage  stm32f4xx_hal_tim.o
    0x0800a9b0   0x00000036   Code   RO         5695    i.TIM_TI2_SetConfig  stm32f4xx_hal_tim.o
    0x0800a9e6   0x00000002   PAD
    0x0800a9e8   0x000000e4   Code   RO         8104    i.TIMx_Init         stm32469i_discovery_audio.o
    0x0800aacc   0x00000004   Code   RO         7724    i.TS_IO_Init        stm32469i_discovery.o
    0x0800aad0   0x00000038   Code   RO         7725    i.TS_IO_Read        stm32469i_discovery.o
    0x0800ab08   0x0000000e   Code   RO         7726    i.TS_IO_ReadMultiple  stm32469i_discovery.o
    0x0800ab16   0x00000002   PAD
    0x0800ab18   0x00000030   Code   RO         7727    i.TS_IO_Write       stm32469i_discovery.o
    0x0800ab48   0x00000020   Code   RO          696    i.Toggle_Leds       main.o
    0x0800ab68   0x00000064   Code   RO          414    i.TouchScreen_Calibration_GetPhysValues  ts_calibration.o
    0x0800abcc   0x00000090   Code   RO          415    i.TouchScreen_Calibration_WaitForPressedState  ts_calibration.o
    0x0800ac5c   0x0000000c   Code   RO          418    i.TouchScreen_IsCalibrationDone  ts_calibration.o
    0x0800ac68   0x00000128   Code   RO          419    i.TouchscreenCalibration_SetHint  ts_calibration.o
    0x0800ad90   0x000001f0   Code   RO          420    i.Touchscreen_Calibration  ts_calibration.o
    0x0800af80   0x00000010   Code   RO         3084    i.UART_DMAAbortOnError  stm32f4xx_hal_uart.o
    0x0800af90   0x0000001c   Code   RO         3094    i.UART_EndRxTransfer  stm32f4xx_hal_uart.o
    0x0800afac   0x0000008c   Code   RO         3096    i.UART_Receive_IT   stm32f4xx_hal_uart.o
    0x0800b038   0x000002ac   Code   RO         3097    i.UART_SetConfig    stm32f4xx_hal_uart.o
    0x0800b2e4   0x00000062   Code   RO         3098    i.UART_Transmit_IT  stm32f4xx_hal_uart.o
    0x0800b346   0x00000002   PAD
    0x0800b348   0x0000000c   Code   RO          944    i.USART3_IRQHandler  stm32f4xx_it.o
    0x0800b354   0x0000000c   Code   RO          945    i.USART6_IRQHandler  stm32f4xx_it.o
    0x0800b360   0x00000034   Code   RO         6932    i.USBH_AllocPipe    usbh_pipes.o
    0x0800b394   0x00000020   Code   RO         6974    i.USBH_BulkReceiveData  usbh_ioreq.o
    0x0800b3b4   0x00000028   Code   RO         6975    i.USBH_BulkSendData  usbh_ioreq.o
    0x0800b3dc   0x0000000a   Code   RO         6933    i.USBH_ClosePipe    usbh_pipes.o
    0x0800b3e6   0x0000001e   Code   RO         6844    i.USBH_ClrFeature   usbh_ctlreq.o
    0x0800b404   0x0000001e   Code   RO         6976    i.USBH_CtlReceiveData  usbh_ioreq.o
    0x0800b422   0x00000036   Code   RO         6845    i.USBH_CtlReq       usbh_ctlreq.o
    0x0800b458   0x00000028   Code   RO         6977    i.USBH_CtlSendData  usbh_ioreq.o
    0x0800b480   0x0000001e   Code   RO         6978    i.USBH_CtlSendSetup  usbh_ioreq.o
    0x0800b49e   0x00000004   Code   RO          552    i.USBH_Delay        usbh_conf.o
    0x0800b4a2   0x00000044   Code   RO         6729    i.USBH_FindInterface  usbh_core.o
    0x0800b4e6   0x00000018   Code   RO         6934    i.USBH_FreePipe     usbh_pipes.o
    0x0800b4fe   0x00000034   Code   RO         6846    i.USBH_GetDescriptor  usbh_ctlreq.o
    0x0800b532   0x0000000e   Code   RO         6847    i.USBH_GetNextDesc  usbh_ctlreq.o
    0x0800b540   0x0000002c   Code   RO         6848    i.USBH_Get_CfgDesc  usbh_ctlreq.o
    0x0800b56c   0x00000080   Code   RO         6849    i.USBH_Get_DevDesc  usbh_ctlreq.o
    0x0800b5ec   0x00000048   Code   RO         6850    i.USBH_Get_StringDesc  usbh_ctlreq.o
    0x0800b634   0x000001ac   Code   RO         6851    i.USBH_HandleControl  usbh_ctlreq.o
    0x0800b7e0   0x0000020c   Code   RO         6732    i.USBH_HandleEnum   usbh_core.o
    0x0800b9ec   0x00000064   Code   RO         6733    i.USBH_Init         usbh_core.o
    0x0800ba50   0x0000000e   Code   RO          553    i.USBH_LL_ClosePipe  usbh_conf.o
    0x0800ba5e   0x00000028   Code   RO         6734    i.USBH_LL_Connect   usbh_core.o
    0x0800ba86   0x00000002   PAD
    0x0800ba88   0x00000060   Code   RO         6735    i.USBH_LL_Disconnect  usbh_core.o
    0x0800bae8   0x00000020   Code   RO          555    i.USBH_LL_DriverVBUS  usbh_conf.o
    0x0800bb08   0x00000008   Code   RO          556    i.USBH_LL_GetLastXferSize  usbh_conf.o
    0x0800bb10   0x00000022   Code   RO          557    i.USBH_LL_GetSpeed  usbh_conf.o
    0x0800bb32   0x00000002   PAD
    0x0800bb34   0x00000020   Code   RO          558    i.USBH_LL_GetToggle  usbh_conf.o
    0x0800bb54   0x00000008   Code   RO          559    i.USBH_LL_GetURBState  usbh_conf.o
    0x0800bb5c   0x0000001e   Code   RO         6736    i.USBH_LL_IncTimer  usbh_core.o
    0x0800bb7a   0x00000002   PAD
    0x0800bb7c   0x00000048   Code   RO          560    i.USBH_LL_Init      usbh_conf.o
    0x0800bbc4   0x00000018   Code   RO          561    i.USBH_LL_OpenPipe  usbh_conf.o
    0x0800bbdc   0x0000000e   Code   RO          562    i.USBH_LL_ResetPort  usbh_conf.o
    0x0800bbea   0x00000006   Code   RO         6737    i.USBH_LL_SetTimer  usbh_core.o
    0x0800bbf0   0x00000024   Code   RO          563    i.USBH_LL_SetToggle  usbh_conf.o
    0x0800bc14   0x0000000e   Code   RO          564    i.USBH_LL_Start     usbh_conf.o
    0x0800bc22   0x0000000e   Code   RO          565    i.USBH_LL_Stop      usbh_conf.o
    0x0800bc30   0x00000020   Code   RO          566    i.USBH_LL_SubmitURB  usbh_conf.o
    0x0800bc50   0x0000001e   Code   RO            4    i.USBH_MSC_BOT_Abort  usbh_msc_bot.o
    0x0800bc6e   0x00000002   PAD
    0x0800bc70   0x00000024   Code   RO            5    i.USBH_MSC_BOT_Init  usbh_msc_bot.o
    0x0800bc94   0x000001dc   Code   RO            6    i.USBH_MSC_BOT_Process  usbh_msc_bot.o
    0x0800be70   0x00000016   Code   RO            7    i.USBH_MSC_BOT_REQ_GetMaxLUN  usbh_msc_bot.o
    0x0800be86   0x00000016   Code   RO            8    i.USBH_MSC_BOT_REQ_Reset  usbh_msc_bot.o
    0x0800be9c   0x0000009c   Code   RO          224    i.USBH_MSC_ClassRequest  usbh_msc.o
    0x0800bf38   0x0000002e   Code   RO          225    i.USBH_MSC_GetLUNInfo  usbh_msc.o
    0x0800bf66   0x0000004a   Code   RO          227    i.USBH_MSC_InterfaceDeInit  usbh_msc.o
    0x0800bfb0   0x0000014c   Code   RO          228    i.USBH_MSC_InterfaceInit  usbh_msc.o
    0x0800c0fc   0x00000016   Code   RO          229    i.USBH_MSC_IsReady  usbh_msc.o
    0x0800c112   0x00000002   PAD
    0x0800c114   0x00000514   Code   RO          230    i.USBH_MSC_Process  usbh_msc.o
    0x0800c628   0x00000134   Code   RO          231    i.USBH_MSC_RdWrProcess  usbh_msc.o
    0x0800c75c   0x0000008a   Code   RO          232    i.USBH_MSC_Read     usbh_msc.o
    0x0800c7e6   0x000000c0   Code   RO          315    i.USBH_MSC_SCSI_Inquiry  usbh_msc_scsi.o
    0x0800c8a6   0x0000007c   Code   RO          316    i.USBH_MSC_SCSI_Read  usbh_msc_scsi.o
    0x0800c922   0x0000007a   Code   RO          317    i.USBH_MSC_SCSI_ReadCapacity  usbh_msc_scsi.o
    0x0800c99c   0x00000092   Code   RO          318    i.USBH_MSC_SCSI_RequestSense  usbh_msc_scsi.o
    0x0800ca2e   0x0000004c   Code   RO          319    i.USBH_MSC_SCSI_TestUnitReady  usbh_msc_scsi.o
    0x0800ca7a   0x0000007c   Code   RO          320    i.USBH_MSC_SCSI_Write  usbh_msc_scsi.o
    0x0800caf6   0x00000004   Code   RO          233    i.USBH_MSC_SOFProcess  usbh_msc.o
    0x0800cafa   0x00000026   Code   RO          234    i.USBH_MSC_UnitIsReady  usbh_msc.o
    0x0800cb20   0x0000008a   Code   RO          235    i.USBH_MSC_Write    usbh_msc.o
    0x0800cbaa   0x00000014   Code   RO         6935    i.USBH_OpenPipe     usbh_pipes.o
    0x0800cbbe   0x000000e8   Code   RO         6852    i.USBH_ParseCfgDesc  usbh_ctlreq.o
    0x0800cca6   0x00000002   PAD
    0x0800cca8   0x000002e4   Code   RO         6738    i.USBH_Process      usbh_core.o
    0x0800cf8c   0x0000007c   Code   RO         6740    i.USBH_RegisterClass  usbh_core.o
    0x0800d008   0x000000f4   Code   RO         6741    i.USBH_SelectInterface  usbh_core.o
    0x0800d0fc   0x0000001c   Code   RO         6853    i.USBH_SetAddress   usbh_ctlreq.o
    0x0800d118   0x0000001c   Code   RO         6854    i.USBH_SetCfg       usbh_ctlreq.o
    0x0800d134   0x00000014   Code   RO         6742    i.USBH_Start        usbh_core.o
    0x0800d148   0x00000020   Code   RO          697    i.USBH_UserProcess  main.o
    0x0800d168   0x0000006c   Code   RO         5148    i.USB_CoreInit      stm32f4xx_ll_usb.o
    0x0800d1d4   0x00000038   Code   RO         5149    i.USB_CoreReset     stm32f4xx_ll_usb.o
    0x0800d20c   0x0000000c   Code   RO         5155    i.USB_DisableGlobalInt  stm32f4xx_ll_usb.o
    0x0800d218   0x00000040   Code   RO         5156    i.USB_DoPing        stm32f4xx_ll_usb.o
    0x0800d258   0x0000002c   Code   RO         5157    i.USB_DriveVbus     stm32f4xx_ll_usb.o
    0x0800d284   0x0000000c   Code   RO         5163    i.USB_EnableGlobalInt  stm32f4xx_ll_usb.o
    0x0800d290   0x00000020   Code   RO         5164    i.USB_FlushRxFifo   stm32f4xx_ll_usb.o
    0x0800d2b0   0x00000024   Code   RO         5165    i.USB_FlushTxFifo   stm32f4xx_ll_usb.o
    0x0800d2d4   0x00000008   Code   RO         5166    i.USB_GetCurrentFrame  stm32f4xx_ll_usb.o
    0x0800d2dc   0x0000000e   Code   RO         5168    i.USB_GetHostSpeed  stm32f4xx_ll_usb.o
    0x0800d2ea   0x00000008   Code   RO         5169    i.USB_GetMode       stm32f4xx_ll_usb.o
    0x0800d2f2   0x00000148   Code   RO         5170    i.USB_HC_Halt       stm32f4xx_ll_usb.o
    0x0800d43a   0x00000002   PAD
    0x0800d43c   0x000000ea   Code   RO         5171    i.USB_HC_Init       stm32f4xx_ll_usb.o
    0x0800d526   0x0000000c   Code   RO         5172    i.USB_HC_ReadInterrupt  stm32f4xx_ll_usb.o
    0x0800d532   0x00000002   PAD
    0x0800d534   0x00000188   Code   RO         5173    i.USB_HC_StartXfer  stm32f4xx_ll_usb.o
    0x0800d6bc   0x000000c4   Code   RO         5174    i.USB_HostInit      stm32f4xx_ll_usb.o
    0x0800d780   0x00000036   Code   RO         5175    i.USB_InitFSLSPClkSel  stm32f4xx_ll_usb.o
    0x0800d7b6   0x00000008   Code   RO         5180    i.USB_ReadInterrupts  stm32f4xx_ll_usb.o
    0x0800d7be   0x00000020   Code   RO         5181    i.USB_ReadPacket    stm32f4xx_ll_usb.o
    0x0800d7de   0x0000002c   Code   RO         5182    i.USB_ResetPort     stm32f4xx_ll_usb.o
    0x0800d80a   0x0000002c   Code   RO         5183    i.USB_SetCurrentMode  stm32f4xx_ll_usb.o
    0x0800d836   0x000000b2   Code   RO         5187    i.USB_StopHost      stm32f4xx_ll_usb.o
    0x0800d8e8   0x00000028   Code   RO         5188    i.USB_WritePacket   stm32f4xx_ll_usb.o
    0x0800d910   0x00000002   Code   RO          946    i.UsageFault_Handler  stm32f4xx_it.o
    0x0800d912   0x00000002   PAD
    0x0800d914   0x0000003c   Code   RO          773    i.WavProcess_EncInit  waverecorder.o
    0x0800d950   0x000000c0   Code   RO          774    i.WavProcess_HeaderInit  waverecorder.o
    0x0800da10   0x00000044   Code   RO          775    i.WavProcess_HeaderUpdate  waverecorder.o
    0x0800da54   0x00000020   Code   RO         8660    i.__0printf$8       mc_w.l(printf8.o)
    0x0800da74   0x00000028   Code   RO         8662    i.__0sprintf$8      mc_w.l(printf8.o)
    0x0800da9c   0x00000030   Code   RO         8797    i.__ARM_fpclassify  m_wm.l(fpclassify.o)
    0x0800dacc   0x00000004   PAD
    0x0800dad0   0x000000c8   Code   RO         8359    i.__hardfp_cos      m_wm.l(cos.o)
    0x0800db98   0x000003c4   Code   RO         8799    i.__hardfp_log      m_wm.l(log.o)
    0x0800df5c   0x00000004   PAD
    0x0800df60   0x00000130   Code   RO         8371    i.__hardfp_log10    m_wm.l(log10.o)
    0x0800e090   0x00000c50   Code   RO         8383    i.__hardfp_pow      m_wm.l(pow.o)
    0x0800ece0   0x000000c8   Code   RO         8397    i.__hardfp_sin      m_wm.l(sin.o)
    0x0800eda8   0x0000007a   Code   RO         8409    i.__hardfp_sqrt     m_wm.l(sqrt.o)
    0x0800ee22   0x00000006   PAD
    0x0800ee28   0x00000438   Code   RO         8816    i.__ieee754_rem_pio2  m_wm.l(rred.o)
    0x0800f260   0x00000170   Code   RO         8774    i.__kernel_cos      m_wm.l(cos_i.o)
    0x0800f3d0   0x000000f8   Code   RO         8813    i.__kernel_poly     m_wm.l(poly.o)
    0x0800f4c8   0x00000130   Code   RO         8821    i.__kernel_sin      m_wm.l(sin_i.o)
    0x0800f5f8   0x00000030   Code   RO         8777    i.__mathlib_dbl_divzero  m_wm.l(dunder.o)
    0x0800f628   0x00000014   Code   RO         8778    i.__mathlib_dbl_infnan  m_wm.l(dunder.o)
    0x0800f63c   0x00000014   Code   RO         8779    i.__mathlib_dbl_infnan2  m_wm.l(dunder.o)
    0x0800f650   0x00000020   Code   RO         8780    i.__mathlib_dbl_invalid  m_wm.l(dunder.o)
    0x0800f670   0x00000020   Code   RO         8781    i.__mathlib_dbl_overflow  m_wm.l(dunder.o)
    0x0800f690   0x00000020   Code   RO         8783    i.__mathlib_dbl_underflow  m_wm.l(dunder.o)
    0x0800f6b0   0x0000000e   Code   RO         8891    i.__scatterload_copy  mc_w.l(handlers.o)
    0x0800f6be   0x00000002   Code   RO         8892    i.__scatterload_null  mc_w.l(handlers.o)
    0x0800f6c0   0x0000000e   Code   RO         8893    i.__scatterload_zeroinit  mc_w.l(handlers.o)
    0x0800f6ce   0x00000002   PAD
    0x0800f6d0   0x0000000c   Code   RO         8867    i.__set_errno       mc_w.l(errno.o)
    0x0800f6dc   0x00000410   Code   RO         8667    i._printf_core      mc_w.l(printf8.o)
    0x0800faec   0x00000024   Code   RO         8668    i._printf_post_padding  mc_w.l(printf8.o)
    0x0800fb10   0x0000002e   Code   RO         8669    i._printf_pre_padding  mc_w.l(printf8.o)
    0x0800fb3e   0x0000000a   Code   RO         8671    i._sputc            mc_w.l(printf8.o)
    0x0800fb48   0x00000060   Code   RO         6417    i.check_fs          ff.o
    0x0800fba8   0x0000006c   Code   RO         6418    i.chk_lock          ff.o
    0x0800fc14   0x00000024   Code   RO         6419    i.clear_lock        ff.o
    0x0800fc38   0x0000002a   Code   RO         6420    i.clmt_clust        ff.o
    0x0800fc62   0x0000001e   Code   RO         6421    i.clust2sect        ff.o
    0x0800fc80   0x00000034   Code   RO         1100    i.connect_server    waveplayer.o
    0x0800fcb4   0x00000010   Code   RO         8361    i.cos               m_wm.l(cos.o)
    0x0800fcc4   0x0000009c   Code   RO         1101    i.cosine_similarity  waveplayer.o
    0x0800fd60   0x000000b0   Code   RO         6422    i.create_chain      ff.o
    0x0800fe10   0x00000100   Code   RO         6423    i.create_name       ff.o
    0x0800ff10   0x00000004   Code   RO         7137    i.cs43l22_DeInit    cs43l22.o
    0x0800ff14   0x000000e0   Code   RO         7138    i.cs43l22_Init      cs43l22.o
    0x0800fff4   0x0000001a   Code   RO         7139    i.cs43l22_Pause     cs43l22.o
    0x0801000e   0x00000002   PAD
    0x08010010   0x0000003c   Code   RO         7140    i.cs43l22_Play      cs43l22.o
    0x0801004c   0x00000016   Code   RO         7141    i.cs43l22_ReadID    cs43l22.o
    0x08010062   0x00000004   Code   RO         7142    i.cs43l22_Reset     cs43l22.o
    0x08010066   0x00000002   PAD
    0x08010068   0x0000003c   Code   RO         7143    i.cs43l22_Resume    cs43l22.o
    0x080100a4   0x00000004   Code   RO         7144    i.cs43l22_SetFrequency  cs43l22.o
    0x080100a8   0x00000054   Code   RO         7145    i.cs43l22_SetMute   cs43l22.o
    0x080100fc   0x00000050   Code   RO         7146    i.cs43l22_SetOutputMode  cs43l22.o
    0x0801014c   0x0000003c   Code   RO         7147    i.cs43l22_SetVolume  cs43l22.o
    0x08010188   0x00000030   Code   RO         7148    i.cs43l22_Stop      cs43l22.o
    0x080101b8   0x00000030   Code   RO         1102    i.data_to_mfcc1     waveplayer.o
    0x080101e8   0x00000030   Code   RO         1103    i.data_to_mfcc2     waveplayer.o
    0x08010218   0x0000003c   Code   RO         6424    i.dec_lock          ff.o
    0x08010254   0x000000dc   Code   RO         1345    i.deltaCoeff        mfcc.o
    0x08010330   0x0000011e   Code   RO         6425    i.dir_next          ff.o
    0x0801044e   0x00000002   PAD
    0x08010450   0x00000066   Code   RO         6426    i.dir_read          ff.o
    0x080104b6   0x00000076   Code   RO         6427    i.dir_register      ff.o
    0x0801052c   0x00000098   Code   RO         6429    i.dir_sdi           ff.o
    0x080105c4   0x00000004   Code   RO          835    i.disk_initialize   usbh_diskio.o
    0x080105c8   0x0000004c   Code   RO          836    i.disk_ioctl        usbh_diskio.o
    0x08010614   0x000000b0   Code   RO          837    i.disk_read         usbh_diskio.o
    0x080106c4   0x00000018   Code   RO          838    i.disk_status       usbh_diskio.o
    0x080106dc   0x000000ec   Code   RO          839    i.disk_write        usbh_diskio.o
    0x080107c8   0x0000002a   Code   RO         6431    i.f_close           ff.o
    0x080107f2   0x00000024   Code   RO         6432    i.f_closedir        ff.o
    0x08010816   0x00000002   PAD
    0x08010818   0x00000284   Code   RO         6435    i.f_lseek           ff.o
    0x08010a9c   0x0000005c   Code   RO         6438    i.f_mount           ff.o
    0x08010af8   0x000001a0   Code   RO         6439    i.f_open            ff.o
    0x08010c98   0x00000094   Code   RO         6440    i.f_opendir         ff.o
    0x08010d2c   0x0000018c   Code   RO         6444    i.f_read            ff.o
    0x08010eb8   0x00000052   Code   RO         6445    i.f_readdir         ff.o
    0x08010f0a   0x000000b8   Code   RO         6448    i.f_sync            ff.o
    0x08010fc2   0x000001d6   Code   RO         6452    i.f_write           ff.o
    0x08011198   0x00000018   Code   RO         8793    i.fabs              m_wm.l(fabs.o)
    0x080111b0   0x00000258   Code   RO         6453    i.find_volume       ff.o
    0x08011408   0x000000c0   Code   RO         6454    i.follow_path       ff.o
    0x080114c8   0x00000104   Code   RO         7264    i.fputc             lcd_log.o
    0x080115cc   0x00000050   Code   RO         8714    i.free              mc_w.l(malloc.o)
    0x0801161c   0x0000005c   Code   RO         1348    i.freqtoMel         mfcc.o
    0x08011678   0x0000001c   Code   RO         7043    i.ft6x06_GetInstance  ft6x06.o
    0x08011694   0x00000028   Code   RO         7044    i.ft6x06_Init       ft6x06.o
    0x080116bc   0x00000014   Code   RO         7045    i.ft6x06_ReadID     ft6x06.o
    0x080116d0   0x00000002   Code   RO         7046    i.ft6x06_Reset      ft6x06.o
    0x080116d2   0x00000002   Code   RO         7047    i.ft6x06_TS_ClearIT  ft6x06.o
    0x080116d4   0x00000040   Code   RO         7048    i.ft6x06_TS_DetectTouch  ft6x06.o
    0x08011714   0x0000000a   Code   RO         7049    i.ft6x06_TS_DisableIT  ft6x06.o
    0x0801171e   0x0000000a   Code   RO         7050    i.ft6x06_TS_EnableIT  ft6x06.o
    0x08011728   0x0000001e   Code   RO         7051    i.ft6x06_TS_GetGestureID  ft6x06.o
    0x08011746   0x00000002   PAD
    0x08011748   0x0000004c   Code   RO         7052    i.ft6x06_TS_GetTouchInfo  ft6x06.o
    0x08011794   0x0000005c   Code   RO         7053    i.ft6x06_TS_GetXY   ft6x06.o
    0x080117f0   0x00000004   Code   RO         7054    i.ft6x06_TS_ITStatus  ft6x06.o
    0x080117f4   0x00000004   Code   RO         7055    i.ft6x06_TS_Start   ft6x06.o
    0x080117f8   0x000000c2   Code   RO         6455    i.get_fat           ff.o
    0x080118ba   0x00000004   Code   RO          840    i.get_fattime       usbh_diskio.o
    0x080118be   0x00000050   Code   RO         6456    i.get_fileinfo      ff.o
    0x0801190e   0x0000003c   Code   RO         6457    i.get_ldnumber      ff.o
    0x0801194a   0x00000002   PAD
    0x0801194c   0x000000a0   Code   RO         6458    i.inc_lock          ff.o
    0x080119ec   0x00000014   Code   RO         6459    i.ld_clust          ff.o
    0x08011a00   0x00000010   Code   RO         8801    i.log               m_wm.l(log.o)
    0x08011a10   0x00000068   Code   RO          698    i.main              main.o
    0x08011a78   0x0000006c   Code   RO         8715    i.malloc            mc_w.l(malloc.o)
    0x08011ae4   0x00000164   Code   RO         1349    i.melbank           mfcc.o
    0x08011c48   0x00000068   Code   RO         1350    i.meltoFreq         mfcc.o
    0x08011cb0   0x00000012   Code   RO         6460    i.mem_cpy           ff.o
    0x08011cc2   0x0000000e   Code   RO         6461    i.mem_set           ff.o
    0x08011cd0   0x00000036   Code   RO         6462    i.move_window       ff.o
    0x08011d06   0x00000002   PAD
    0x08011d08   0x0000003c   Code   RO         1351    i.preemphasize      mfcc.o
    0x08011d44   0x000000f8   Code   RO         6463    i.put_fat           ff.o
    0x08011e3c   0x0000004c   Code   RO         1104    i.read_data         waveplayer.o
    0x08011e88   0x0000006e   Code   RO         6465    i.remove_chain      ff.o
    0x08011ef6   0x00000002   PAD
    0x08011ef8   0x0000005c   Code   RO         1105    i.send              waveplayer.o
    0x08011f54   0x0000006e   Code   RO         8411    i.sqrt              m_wm.l(sqrt.o)
    0x08011fc2   0x00000010   Code   RO         6466    i.st_clust          ff.o
    0x08011fd2   0x000000b6   Code   RO         6467    i.sync_fs           ff.o
    0x08012088   0x00000060   Code   RO         6468    i.sync_window       ff.o
    0x080120e8   0x0000002c   Code   RO         6469    i.validate          ff.o
    0x08012114   0x00000010   Data   RO          378    .constdata          system_stm32f4xx.o
    0x08012124   0x00000008   Data   RO          379    .constdata          system_stm32f4xx.o
    0x0801212c   0x0000000c   Data   RO          893    .constdata          menu.o
    0x08012138   0x00000008   Data   RO         4935    .constdata          stm32f4xx_hal_dma.o
    0x08012140   0x000000ac   Data   RO         6471    .constdata          ff.o
    0x080121ec   0x00000195   Data   RO         7231    .constdata          otm8009a.o
    0x08012381   0x00001ab8   Data   RO         7389    .constdata          stm32469i_discovery_lcd.o
    0x08013e39   0x00000ed8   Data   RO         7390    .constdata          stm32469i_discovery_lcd.o
    0x08014d11   0x00000be0   Data   RO         7391    .constdata          stm32469i_discovery_lcd.o
    0x080158f1   0x00000474   Data   RO         7392    .constdata          stm32469i_discovery_lcd.o
    0x08015d65   0x00000001   PAD
    0x08015d66   0x00000004   Data   RO         7730    .constdata          stm32469i_discovery.o
    0x08015d6a   0x00000006   PAD
    0x08015d70   0x00000088   Data   RO         8386    .constdata          m_wm.l(pow.o)
    0x08015df8   0x00000030   Data   RO         8775    .constdata          m_wm.l(cos_i.o)
    0x08015e28   0x00000038   Data   RO         8802    .constdata          m_wm.l(log.o)
    0x08015e60   0x00000008   Data   RO         8815    .constdata          m_wm.l(qnan.o)
    0x08015e68   0x000000c8   Data   RO         8818    .constdata          m_wm.l(rred.o)
    0x08015f30   0x00000028   Data   RO         8822    .constdata          m_wm.l(sin_i.o)
    0x08015f58   0x00000004   Data   RO          236    .conststring        usbh_msc.o
    0x08015f5c   0x00000020   Data   RO         8889    Region$$Table       anon$$obj.o


    Execution Region RW_IRAM1 (Base: 0x20000000, Size: 0x0000d5e8, Max: 0x00050000, ABSOLUTE, COMPRESSED[0x00000350])

    Base Addr    Size         Type   Attr      Idx    E Section Name        Object

    0x20000000   0x00000020   Data   RW          237    .data               usbh_msc.o
    0x20000020   0x00000004   Data   RW          380    .data               system_stm32f4xx.o
    0x20000024   0x0000001a   Data   RW          421    .data               ts_calibration.o
    0x2000003e   0x00000002   PAD
    0x20000040   0x00000008   Data   RW          701    .data               main.o
    0x20000048   0x0000000c   Data   RW          777    .data               waverecorder.o
    0x20000054   0x00000003   Data   RW          894    .data               menu.o
    0x20000057   0x00000001   PAD
    0x20000058   0x00000006   Data   RW         1049    .data               explorer.o
    0x2000005e   0x00000002   PAD
    0x20000060   0x0000006a   Data   RW         1112    .data               waveplayer.o
    0x200000ca   0x00000002   PAD
    0x200000cc   0x00000004   Data   RW         5451    .data               stm32f4xx_hal.o
    0x200000d0   0x00000008   Data   RW         6472    .data               ff.o
    0x200000d8   0x00000028   Data   RW         7056    .data               ft6x06.o
    0x20000100   0x00000005   Data   RW         7057    .data               ft6x06.o
    0x20000105   0x00000003   PAD
    0x20000108   0x00000030   Data   RW         7149    .data               cs43l22.o
    0x20000138   0x00000002   Data   RW         7150    .data               cs43l22.o
    0x2000013a   0x00000002   PAD
    0x2000013c   0x00000014   Data   RW         7266    .data               lcd_log.o
    0x20000150   0x00000014   Data   RW         7394    .data               stm32469i_discovery_lcd.o
    0x20000164   0x00000008   Data   RW         7395    .data               stm32469i_discovery_lcd.o
    0x2000016c   0x00000008   Data   RW         7396    .data               stm32469i_discovery_lcd.o
    0x20000174   0x00000008   Data   RW         7397    .data               stm32469i_discovery_lcd.o
    0x2000017c   0x00000024   Data   RW         7731    .data               stm32469i_discovery.o
    0x200001a0   0x00000018   Data   RW         7917    .data               stm32469i_discovery_ts.o
    0x200001b8   0x00000002   Data   RW         7985    .data               stm32469i_discovery_sdram.o
    0x200001ba   0x00000002   PAD
    0x200001bc   0x00000088   Data   RW         8106    .data               stm32469i_discovery_audio.o
    0x20000244   0x00000304   Data   RW         8357    .data               libPDMFilter_CM4_Keil.lib(pdm_filter.o)
    0x20000548   0x00000004   Data   RW         8852    .data               mc_w.l(stdout.o)
    0x2000054c   0x00000004   Data   RW         8863    .data               mc_w.l(mvars.o)
    0x20000550   0x00000004   Data   RW         8864    .data               mc_w.l(mvars.o)
    0x20000554   0x00000004   Data   RW         8868    .data               mc_w.l(errno.o)
    0x20000558   0x00000298   Zero   RW          567    .bss                usbh_conf.o
    0x200007f0   0x000002f0   Zero   RW          699    .bss                main.o
    0x20000ae0   0x00004a50   Zero   RW          776    .bss                waverecorder.o
    0x20005530   0x0000060a   Zero   RW         1048    .bss                explorer.o
    0x20005b3a   0x00000002   PAD
    0x20005b3c   0x00000a10   Zero   RW         1106    .bss                waveplayer.o
    0x2000654c   0x00000080   Zero   RW         1275    .bss                usart.o
    0x200065cc   0x00000018   Zero   RW         6470    .bss                ff.o
    0x200065e4   0x00003a44   Zero   RW         7265    .bss                lcd_log.o
    0x2000a028   0x000001c4   Zero   RW         7388    .bss                stm32469i_discovery_lcd.o
    0x2000a1ec   0x000000a8   Zero   RW         7729    .bss                stm32469i_discovery.o
    0x2000a294   0x00000120   Zero   RW         7984    .bss                stm32469i_discovery_sdram.o
    0x2000a3b4   0x00000234   Zero   RW         8105    .bss                stm32469i_discovery_audio.o
    0x2000a5e8   0x00002000   Zero   RW          367    HEAP                startup_stm32f469xx.o
    0x2000c5e8   0x00001000   Zero   RW          366    STACK               startup_stm32f469xx.o


==============================================================================

Image component sizes


      Code (inc. data)   RO Data    RW Data    ZI Data      Debug   Object Name

       686         28          0         50          0      11885   cs43l22.o
       624        200          0          6       1546       3618   explorer.o
      6060         70        172          8         24      46702   ff.o
       382         22          0         45          0      14222   ft6x06.o
       960         52          0          0          0       1675   gpio.o
       554         36          0         20      14916       5941   lcd_log.o
       566        170          0          8        752      12948   main.o
       744        166         12          3          0      11432   menu.o
      1980        162          0          0          0       7585   mfcc.o
      1048         12        405          0          0       6180   otm8009a.o
        36          8        436          0      12288        868   startup_stm32f469xx.o
      1092        118          4         36        168      17376   stm32469i_discovery.o
      1750        186          0        136        564      20935   stm32469i_discovery_audio.o
      3100        226      14820         44        452      34879   stm32469i_discovery_lcd.o
       652         60          0          2        288       5034   stm32469i_discovery_sdram.o
       536         20          0         24          0       6510   stm32469i_discovery_ts.o
       148         22          0          4          0       5095   stm32f4xx_hal.o
       204         14          0          0          0      32335   stm32f4xx_hal_cortex.o
      1184         22          8          0          0       9083   stm32f4xx_hal_dma.o
       772          8          0          0          0       6947   stm32f4xx_hal_dma2d.o
      1514         10          0          0          0      10310   stm32f4xx_hal_dsi.o
       514         58          0          0          0       5576   stm32f4xx_hal_gpio.o
      2198          4          0          0          0      15005   stm32f4xx_hal_hcd.o
      2074         36          0          0          0      16832   stm32f4xx_hal_i2c.o
      1290         46          0          0          0      11079   stm32f4xx_hal_i2s.o
       754         26          0          0          0       4099   stm32f4xx_hal_i2s_ex.o
       682          6          0          0          0       3950   stm32f4xx_hal_ltdc.o
        90          0          0          0          0       1371   stm32f4xx_hal_ltdc_ex.o
        88          0          0          0          0        590   stm32f4xx_hal_msp.o
       140         14          0          0          0       1492   stm32f4xx_hal_pwr_ex.o
       588         52          0          0          0       4304   stm32f4xx_hal_rcc.o
      2136         76          0          0          0       5232   stm32f4xx_hal_rcc_ex.o
       572         16          0          0          0       6183   stm32f4xx_hal_sai.o
       208         30          0          0          0       2205   stm32f4xx_hal_sai_ex.o
       150          0          0          0          0       3748   stm32f4xx_hal_sdram.o
      1934        124          0          0          0      18987   stm32f4xx_hal_tim.o
      1476         14          0          0          0      10292   stm32f4xx_hal_uart.o
       100         26          0          0          0       7897   stm32f4xx_it.o
       292          4          0          0          0       3980   stm32f4xx_ll_fmc.o
      1956         48          0          0          0      19491   stm32f4xx_ll_usb.o
        84         18         24          4          0       1367   system_stm32f4xx.o
      1048        332          0         26          0      29326   ts_calibration.o
       276         38          0          0        128       2623   usart.o
       540         32          0          0        664      12725   usbh_conf.o
      2062        706          0          0          0      11232   usbh_core.o
      1110         40          0          0          0      11116   usbh_ctlreq.o
       520        122          0          0          0       5227   usbh_diskio.o
       172          0          0          0          0       4936   usbh_ioreq.o
      2556        440          4         32          0      12876   usbh_msc.o
       586         28          0          0          0     957652   usbh_msc_bot.o
       784          0          0          0          0       6943   usbh_msc_scsi.o
       106          0          0          0          0       3854   usbh_pipes.o
      2036        496          0        106       2576      20717   waveplayer.o
      2464        360          0         12      19024       7847   waverecorder.o

    ----------------------------------------------------------------------
     56262       4804      15924        580      53392    1502314   Object Totals
         0          0         32          0          0          0   (incl. Generated)
        84          0          7         14          2          0   (incl. Padding)

    ----------------------------------------------------------------------

      Code (inc. data)   RO Data    RW Data    ZI Data      Debug   Library Member Name

      6208        112          0        772          0        380   pdm_filter.o
       216         20          0          0          0        288   cos.o
       368         46         48          0          0        200   cos_i.o
       184         44          0          0          0        744   dunder.o
        24          0          0          0          0        124   fabs.o
        48          0          0          0          0        124   fpclassify.o
       980         92         56          0          0        440   log.o
       304         44          0          0          0        200   log10.o
       248          0          0          0          0        152   poly.o
      3152        296        136          0          0        352   pow.o
         0          0          8          0          0          0   qnan.o
      1080        142        200          0          0        188   rred.o
       200         20          0          0          0        164   sin.o
       304         24         40          0          0        208   sin_i.o
       232          0          0          0          0        296   sqrt.o
        86          0          0          0          0          0   __dczerorl2.o
        28          0          0          0          0         76   calloc.o
         0          0          0          0          0          0   entry.o
         0          0          0          0          0          0   entry10a.o
         0          0          0          0          0          0   entry11a.o
         8          4          0          0          0          0   entry2.o
         4          0          0          0          0          0   entry5.o
         0          0          0          0          0          0   entry7b.o
         0          0          0          0          0          0   entry8b.o
         8          4          0          0          0          0   entry9a.o
        12          6          0          4          0         68   errno.o
        30          0          0          0          0          0   handlers.o
        36          8          0          0          0         68   init.o
         0          0          0          0          0          0   iusefp.o
        30          0          0          0          0         68   llshl.o
        36          0          0          0          0         68   llsshr.o
        32          0          0          0          0         68   llushr.o
       188         20          0          0          0        160   malloc.o
        36          0          0          0          0         68   memcpya.o
        36          0          0          0          0        108   memseta.o
         0          0          0          8          0          0   mvars.o
      1204         60          0          0          0        504   printf8.o
         0          0          0          4          0          0   stdout.o
        24          0          0          0          0         76   strncpy.o
        36          0          0          0          0         80   strstr.o
        98          0          0          0          0         92   uldiv.o
        48          0          0          0          0         68   cdcmple.o
        48          0          0          0          0         68   cdrcmple.o
        20          0          0          0          0         68   cfrcmple.o
        56          0          0          0          0         88   d2f.o
       334          0          0          0          0        148   dadd.o
       222          0          0          0          0        100   ddiv.o
       186          0          0          0          0        176   depilogue.o
        62          0          0          0          0         80   dfixi.o
        50          0          0          0          0         76   dfixui.o
        34          0          0          0          0         76   dflti.o
        26          0          0          0          0         76   dfltui.o
       228          0          0          0          0         96   dmul.o
        46          0          0          0          0         80   dscalb.o
       162          0          0          0          0        100   dsqrt.o
        38          0          0          0          0         68   f2d.o
       110          0          0          0          0        168   fepilogue.o
        10          0          0          0          0         68   ffltui.o
       100          0          0          0          0         76   fmul.o
        24          0          0          0          0         68   fscalb.o

    ----------------------------------------------------------------------
     17306        946        488        788          0       7112   Library Totals
        22          4          0          0          0          0   (incl. Padding)

    ----------------------------------------------------------------------

      Code (inc. data)   RO Data    RW Data    ZI Data      Debug   Library Name

      6208        112          0        772          0        380   libPDMFilter_CM4_Keil.lib
      7340        728        488          0          0       3480   m_wm.l
      1932        102          0         16          0       1504   mc_w.l
      1804          0          0          0          0       1748   mf_w.l

    ----------------------------------------------------------------------
     17306        946        488        788          0       7112   Library Totals

    ----------------------------------------------------------------------

==============================================================================


      Code (inc. data)   RO Data    RW Data    ZI Data      Debug   

     73568       5750      16412       1368      53392    1459138   Grand Totals
     73568       5750      16412        848      53392    1459138   ELF Image Totals (compressed)
     73568       5750      16412        848          0          0   ROM Totals

==============================================================================

    Total RO  Size (Code + RO Data)                89980 (  87.87kB)
    Total RW  Size (RW Data + ZI Data)             54760 (  53.48kB)
    Total ROM Size (Code + RO Data + RW Data)      90828 (  88.70kB)

==============================================================================

